=== Running Infer Analysis ===
Date: Thu Mar 19 07:23:42 UTC 2026
Infer version: Infer version v1.2.0

=== Phase 1: STM32 C Analysis ===
Capturing in make/cc mode...
Capture done, running analysis...
Found 18 source files to analyze in /tmp/infer-stm32
Analysing block of 200 procs, starting with HAL_GetTick
Analysing block of 200 procs, starting with check_no_safety_error
Analysing block of 200 procs, starting with Obstacle_ProcessSafetyCAN
Analysing block of 200 procs, starting with FDCAN1_IT1_IRQHandler
Core/Src/syscalls.c starting
Core/Src/syscalls.c DONE
Core/Src/safety_system.c starting
Core/Src/safety_system.c DONE
Core/Src/error_log.c starting
Core/Src/error_log.c DONE
Core/Src/motor_control.c starting
Core/Src/motor_control.c DONE
Core/Src/math_safety.c starting
Core/Src/math_safety.c DONE
Core/Src/steering_cal_store.c starting
Core/Src/steering_cal_store.c DONE
Core/Src/steering_centering.c starting
Core/Src/service_mode.c starting
Core/Src/service_mode.c DONE
Core/Src/encoder_reader.c starting
Core/Src/encoder_reader.c DONE
Core/Src/eps_params.c starting
Core/Src/eps_params.c DONE
Core/Src/stm32g4xx_hal_msp.c starting
Core/Src/stm32g4xx_hal_msp.c DONE
Core/Src/ackermann.c starting
Core/Src/ackermann.c DONE
Core/Src/main.c starting
Core/Src/main.c DONE
Core/Src/stm32g4xx_it.c starting
Core/Src/stm32g4xx_it.c DONE
Core/Src/boot_validation.c starting
Core/Src/boot_validation.c DONE
Core/Src/system_stm32g4xx.c starting
Core/Src/system_stm32g4xx.c DONE
Core/Src/sensor_manager.c starting
Core/Src/sensor_manager.c DONE
Core/Src/can_handler.c starting
Core/Src/can_handler.c DONE
Core/Src/safety_system.c starting
Core/Src/safety_system.c DONE
Core/Src/motor_control.c starting
Core/Src/motor_control.c DONE
Core/Src/main.c starting
Core/Src/main.c DONE
Core/Src/safety_system.c starting
Core/Src/safety_system.c DONE
Core/Src/main.c starting
Core/Src/main.c DONE
Core/Src/motor_control.c starting
Core/Src/motor_control.c DONE
Core/Src/steering_centering.c DONE
Core/Src/main.c starting
Core/Src/main.c DONE
Core/Src/main.c starting
Core/Src/main.c DONE

Core/Src/eps_params.c:200: error: Integer Overflow L1
  (0 - 1):unsigned32. 
  198.     if (status != HAL_OK || page_err != 0xFFFFFFFFU) {
  199.         HAL_FLASH_Lock();
  200.         eps_sequence--;
               ^
  201.         return false;
  202.     }


Found 1 issue
                Issue Type(ISSUED_TYPE_ID): #
  Integer Overflow L1(INTEGER_OVERFLOW_L1): 1
STM32 report saved

=== Phase 2: ESP32 C++ Analysis ===
Capturing in make/cc mode...
ESP32 capture done, running analysis...
Found 4 source files to analyze in /tmp/infer-esp32
Analysing block of 200 procs, starting with traction_sw::is4WD
Analysing block of 200 procs, starting with __infer_globals_initializer_shifter::REG_IODIRA
Analysing block of 200 procs, starting with millis
Analysing block of 200 procs, starting with FakeSerial_::printf<f78161efb96990d9>
esp32/src/sensors/obstacle_sensor.cpp starting
esp32/src/sensors/obstacle_sensor.cpp DONE
esp32/src/shifter_input.cpp starting
esp32/src/shifter_input.cpp DONE
esp32/src/traction_switch.cpp starting
esp32/src/traction_switch.cpp DONE
esp32/src/relay_audio.cpp starting
esp32/src/relay_audio.cpp DONE
esp32/src/sensors/obstacle_sensor.cpp starting
esp32/src/traction_switch.cpp starting
esp32/src/traction_switch.cpp DONE
esp32/src/sensors/obstacle_sensor.cpp DONE

esp32/src/sensors/obstacle_sensor.cpp:229: error: Integer Overflow L2
  ([0, 64999] - [-oo, 4294967295]):unsigned32. 
  227.     // > MAX_PIXEL_DISPERSION_MM), the readings are inconsistent and
  228.     // likely caused by phase wrap-around at close range.
  229.     if ((maxDistMm - minDistMm) > MAX_PIXEL_DISPERSION_MM) {
               ^
  230.         return ParseResult::HIGH_DISPERSION;
  231.     }


Found 1 issue
                Issue Type(ISSUED_TYPE_ID): #
  Integer Overflow L2(INTEGER_OVERFLOW_L2): 1
ESP32 report saved

=== Infer Analysis Complete ===
