CBMC version 5.95.1 (cbmc-5.95.1) 64-bit x86_64 linux
Parsing Core/Src/eps_params.c
Converting
Type-checking eps_params
Generating GOTO Program
Adding CPROVER library (x86_64)
Removal of function pointers and virtual functions
Generic Property Instrumentation
Running with 10 object bits, 54 offset bits (user-specified)
Starting Bounded Model Checking
Unwinding loop eps_crc32.0 iteration 1 file Core/Src/eps_params.c line 70 function eps_crc32 thread 0
Unwinding loop eps_crc32.0 iteration 2 file Core/Src/eps_params.c line 70 function eps_crc32 thread 0
Unwinding loop eps_crc32.0 iteration 3 file Core/Src/eps_params.c line 70 function eps_crc32 thread 0
Unwinding loop eps_crc32.0 iteration 4 file Core/Src/eps_params.c line 70 function eps_crc32 thread 0
Unwinding loop eps_crc32.0 iteration 5 file Core/Src/eps_params.c line 70 function eps_crc32 thread 0
Unwinding loop eps_crc32.0 iteration 6 file Core/Src/eps_params.c line 70 function eps_crc32 thread 0
Unwinding loop eps_crc32.0 iteration 7 file Core/Src/eps_params.c line 70 function eps_crc32 thread 0
Unwinding loop eps_crc32.0 iteration 8 file Core/Src/eps_params.c line 70 function eps_crc32 thread 0
Unwinding loop eps_crc32.1 iteration 1 file Core/Src/eps_params.c line 68 function eps_crc32 thread 0
Unwinding loop eps_crc32.0 iteration 1 file Core/Src/eps_params.c line 70 function eps_crc32 thread 0
Unwinding loop eps_crc32.0 iteration 2 file Core/Src/eps_params.c line 70 function eps_crc32 thread 0
Unwinding loop eps_crc32.0 iteration 3 file Core/Src/eps_params.c line 70 function eps_crc32 thread 0
Unwinding loop eps_crc32.0 iteration 4 file Core/Src/eps_params.c line 70 function eps_crc32 thread 0
Unwinding loop eps_crc32.0 iteration 5 file Core/Src/eps_params.c line 70 function eps_crc32 thread 0
Unwinding loop eps_crc32.0 iteration 6 file Core/Src/eps_params.c line 70 function eps_crc32 thread 0
Unwinding loop eps_crc32.0 iteration 7 file Core/Src/eps_params.c line 70 function eps_crc32 thread 0
Unwinding loop eps_crc32.0 iteration 8 file Core/Src/eps_params.c line 70 function eps_crc32 thread 0
Unwinding loop eps_crc32.1 iteration 2 file Core/Src/eps_params.c line 68 function eps_crc32 thread 0
Unwinding loop eps_crc32.0 iteration 1 file Core/Src/eps_params.c line 70 function eps_crc32 thread 0
Unwinding loop eps_crc32.0 iteration 2 file Core/Src/eps_params.c line 70 function eps_crc32 thread 0
Unwinding loop eps_crc32.0 iteration 3 file Core/Src/eps_params.c line 70 function eps_crc32 thread 0
Unwinding loop eps_crc32.0 iteration 4 file Core/Src/eps_params.c line 70 function eps_crc32 thread 0
Unwinding loop eps_crc32.0 iteration 5 file Core/Src/eps_params.c line 70 function eps_crc32 thread 0
Unwinding loop eps_crc32.0 iteration 6 file Core/Src/eps_params.c line 70 function eps_crc32 thread 0
Unwinding loop eps_crc32.0 iteration 7 file Core/Src/eps_params.c line 70 function eps_crc32 thread 0
Unwinding loop eps_crc32.0 iteration 8 file Core/Src/eps_params.c line 70 function eps_crc32 thread 0
Unwinding loop eps_crc32.1 iteration 3 file Core/Src/eps_params.c line 68 function eps_crc32 thread 0
Unwinding loop eps_crc32.0 iteration 1 file Core/Src/eps_params.c line 70 function eps_crc32 thread 0
Unwinding loop eps_crc32.0 iteration 2 file Core/Src/eps_params.c line 70 function eps_crc32 thread 0
Unwinding loop eps_crc32.0 iteration 3 file Core/Src/eps_params.c line 70 function eps_crc32 thread 0
Unwinding loop eps_crc32.0 iteration 4 file Core/Src/eps_params.c line 70 function eps_crc32 thread 0
Unwinding loop eps_crc32.0 iteration 5 file Core/Src/eps_params.c line 70 function eps_crc32 thread 0
Unwinding loop eps_crc32.0 iteration 6 file Core/Src/eps_params.c line 70 function eps_crc32 thread 0
Unwinding loop eps_crc32.0 iteration 7 file Core/Src/eps_params.c line 70 function eps_crc32 thread 0
Unwinding loop eps_crc32.0 iteration 8 file Core/Src/eps_params.c line 70 function eps_crc32 thread 0
Unwinding loop eps_crc32.1 iteration 4 file Core/Src/eps_params.c line 68 function eps_crc32 thread 0
Unwinding loop eps_crc32.0 iteration 1 file Core/Src/eps_params.c line 70 function eps_crc32 thread 0
Unwinding loop eps_crc32.0 iteration 2 file Core/Src/eps_params.c line 70 function eps_crc32 thread 0
Unwinding loop eps_crc32.0 iteration 3 file Core/Src/eps_params.c line 70 function eps_crc32 thread 0
Unwinding loop eps_crc32.0 iteration 4 file Core/Src/eps_params.c line 70 function eps_crc32 thread 0
Unwinding loop eps_crc32.0 iteration 5 file Core/Src/eps_params.c line 70 function eps_crc32 thread 0
Unwinding loop eps_crc32.0 iteration 6 file Core/Src/eps_params.c line 70 function eps_crc32 thread 0
Unwinding loop eps_crc32.0 iteration 7 file Core/Src/eps_params.c line 70 function eps_crc32 thread 0
Unwinding loop eps_crc32.0 iteration 8 file Core/Src/eps_params.c line 70 function eps_crc32 thread 0
Unwinding loop eps_crc32.1 iteration 5 file Core/Src/eps_params.c line 68 function eps_crc32 thread 0
Unwinding loop eps_crc32.0 iteration 1 file Core/Src/eps_params.c line 70 function eps_crc32 thread 0
Unwinding loop eps_crc32.0 iteration 2 file Core/Src/eps_params.c line 70 function eps_crc32 thread 0
Unwinding loop eps_crc32.0 iteration 3 file Core/Src/eps_params.c line 70 function eps_crc32 thread 0
Unwinding loop eps_crc32.0 iteration 4 file Core/Src/eps_params.c line 70 function eps_crc32 thread 0
Unwinding loop eps_crc32.0 iteration 5 file Core/Src/eps_params.c line 70 function eps_crc32 thread 0
Unwinding loop eps_crc32.0 iteration 6 file Core/Src/eps_params.c line 70 function eps_crc32 thread 0
Unwinding loop eps_crc32.0 iteration 7 file Core/Src/eps_params.c line 70 function eps_crc32 thread 0
Unwinding loop eps_crc32.0 iteration 8 file Core/Src/eps_params.c line 70 function eps_crc32 thread 0
Unwinding loop eps_crc32.1 iteration 6 file Core/Src/eps_params.c line 68 function eps_crc32 thread 0
Unwinding loop eps_crc32.0 iteration 1 file Core/Src/eps_params.c line 70 function eps_crc32 thread 0
Unwinding loop eps_crc32.0 iteration 2 file Core/Src/eps_params.c line 70 function eps_crc32 thread 0
Unwinding loop eps_crc32.0 iteration 3 file Core/Src/eps_params.c line 70 function eps_crc32 thread 0
Unwinding loop eps_crc32.0 iteration 4 file Core/Src/eps_params.c line 70 function eps_crc32 thread 0
Unwinding loop eps_crc32.0 iteration 5 file Core/Src/eps_params.c line 70 function eps_crc32 thread 0
Unwinding loop eps_crc32.0 iteration 6 file Core/Src/eps_params.c line 70 function eps_crc32 thread 0
Unwinding loop eps_crc32.0 iteration 7 file Core/Src/eps_params.c line 70 function eps_crc32 thread 0
Unwinding loop eps_crc32.0 iteration 8 file Core/Src/eps_params.c line 70 function eps_crc32 thread 0
Unwinding loop eps_crc32.1 iteration 7 file Core/Src/eps_params.c line 68 function eps_crc32 thread 0
Unwinding loop eps_crc32.0 iteration 1 file Core/Src/eps_params.c line 70 function eps_crc32 thread 0
Unwinding loop eps_crc32.0 iteration 2 file Core/Src/eps_params.c line 70 function eps_crc32 thread 0
Unwinding loop eps_crc32.0 iteration 3 file Core/Src/eps_params.c line 70 function eps_crc32 thread 0
Unwinding loop eps_crc32.0 iteration 4 file Core/Src/eps_params.c line 70 function eps_crc32 thread 0
Unwinding loop eps_crc32.0 iteration 5 file Core/Src/eps_params.c line 70 function eps_crc32 thread 0
Unwinding loop eps_crc32.0 iteration 6 file Core/Src/eps_params.c line 70 function eps_crc32 thread 0
Unwinding loop eps_crc32.0 iteration 7 file Core/Src/eps_params.c line 70 function eps_crc32 thread 0
Unwinding loop eps_crc32.0 iteration 8 file Core/Src/eps_params.c line 70 function eps_crc32 thread 0
Unwinding loop eps_crc32.1 iteration 8 file Core/Src/eps_params.c line 68 function eps_crc32 thread 0
Unwinding loop eps_crc32.0 iteration 1 file Core/Src/eps_params.c line 70 function eps_crc32 thread 0
Unwinding loop eps_crc32.0 iteration 2 file Core/Src/eps_params.c line 70 function eps_crc32 thread 0
Unwinding loop eps_crc32.0 iteration 3 file Core/Src/eps_params.c line 70 function eps_crc32 thread 0
Unwinding loop eps_crc32.0 iteration 4 file Core/Src/eps_params.c line 70 function eps_crc32 thread 0
Unwinding loop eps_crc32.0 iteration 5 file Core/Src/eps_params.c line 70 function eps_crc32 thread 0
Unwinding loop eps_crc32.0 iteration 6 file Core/Src/eps_params.c line 70 function eps_crc32 thread 0
Unwinding loop eps_crc32.0 iteration 7 file Core/Src/eps_params.c line 70 function eps_crc32 thread 0
Unwinding loop eps_crc32.0 iteration 8 file Core/Src/eps_params.c line 70 function eps_crc32 thread 0
Unwinding loop eps_crc32.1 iteration 9 file Core/Src/eps_params.c line 68 function eps_crc32 thread 0
Unwinding loop eps_crc32.0 iteration 1 file Core/Src/eps_params.c line 70 function eps_crc32 thread 0
Unwinding loop eps_crc32.0 iteration 2 file Core/Src/eps_params.c line 70 function eps_crc32 thread 0
Unwinding loop eps_crc32.0 iteration 3 file Core/Src/eps_params.c line 70 function eps_crc32 thread 0
Unwinding loop eps_crc32.0 iteration 4 file Core/Src/eps_params.c line 70 function eps_crc32 thread 0
Unwinding loop eps_crc32.0 iteration 5 file Core/Src/eps_params.c line 70 function eps_crc32 thread 0
Unwinding loop eps_crc32.0 iteration 6 file Core/Src/eps_params.c line 70 function eps_crc32 thread 0
Unwinding loop eps_crc32.0 iteration 7 file Core/Src/eps_params.c line 70 function eps_crc32 thread 0
Unwinding loop eps_crc32.0 iteration 8 file Core/Src/eps_params.c line 70 function eps_crc32 thread 0
Not unwinding loop eps_crc32.1 iteration 10 file Core/Src/eps_params.c line 68 function eps_crc32 thread 0
Unwinding loop eps_crc32.0 iteration 1 file Core/Src/eps_params.c line 70 function eps_crc32 thread 0
Unwinding loop eps_crc32.0 iteration 2 file Core/Src/eps_params.c line 70 function eps_crc32 thread 0
Unwinding loop eps_crc32.0 iteration 3 file Core/Src/eps_params.c line 70 function eps_crc32 thread 0
Unwinding loop eps_crc32.0 iteration 4 file Core/Src/eps_params.c line 70 function eps_crc32 thread 0
Unwinding loop eps_crc32.0 iteration 5 file Core/Src/eps_params.c line 70 function eps_crc32 thread 0
Unwinding loop eps_crc32.0 iteration 6 file Core/Src/eps_params.c line 70 function eps_crc32 thread 0
Unwinding loop eps_crc32.0 iteration 7 file Core/Src/eps_params.c line 70 function eps_crc32 thread 0
Unwinding loop eps_crc32.0 iteration 8 file Core/Src/eps_params.c line 70 function eps_crc32 thread 0
Unwinding loop eps_crc32.1 iteration 1 file Core/Src/eps_params.c line 68 function eps_crc32 thread 0
Unwinding loop eps_crc32.0 iteration 1 file Core/Src/eps_params.c line 70 function eps_crc32 thread 0
Unwinding loop eps_crc32.0 iteration 2 file Core/Src/eps_params.c line 70 function eps_crc32 thread 0
Unwinding loop eps_crc32.0 iteration 3 file Core/Src/eps_params.c line 70 function eps_crc32 thread 0
Unwinding loop eps_crc32.0 iteration 4 file Core/Src/eps_params.c line 70 function eps_crc32 thread 0
Unwinding loop eps_crc32.0 iteration 5 file Core/Src/eps_params.c line 70 function eps_crc32 thread 0
Unwinding loop eps_crc32.0 iteration 6 file Core/Src/eps_params.c line 70 function eps_crc32 thread 0
Unwinding loop eps_crc32.0 iteration 7 file Core/Src/eps_params.c line 70 function eps_crc32 thread 0
Unwinding loop eps_crc32.0 iteration 8 file Core/Src/eps_params.c line 70 function eps_crc32 thread 0
Unwinding loop eps_crc32.1 iteration 2 file Core/Src/eps_params.c line 68 function eps_crc32 thread 0
Unwinding loop eps_crc32.0 iteration 1 file Core/Src/eps_params.c line 70 function eps_crc32 thread 0
Unwinding loop eps_crc32.0 iteration 2 file Core/Src/eps_params.c line 70 function eps_crc32 thread 0
Unwinding loop eps_crc32.0 iteration 3 file Core/Src/eps_params.c line 70 function eps_crc32 thread 0
Unwinding loop eps_crc32.0 iteration 4 file Core/Src/eps_params.c line 70 function eps_crc32 thread 0
Unwinding loop eps_crc32.0 iteration 5 file Core/Src/eps_params.c line 70 function eps_crc32 thread 0
Unwinding loop eps_crc32.0 iteration 6 file Core/Src/eps_params.c line 70 function eps_crc32 thread 0
Unwinding loop eps_crc32.0 iteration 7 file Core/Src/eps_params.c line 70 function eps_crc32 thread 0
Unwinding loop eps_crc32.0 iteration 8 file Core/Src/eps_params.c line 70 function eps_crc32 thread 0
Unwinding loop eps_crc32.1 iteration 3 file Core/Src/eps_params.c line 68 function eps_crc32 thread 0
Unwinding loop eps_crc32.0 iteration 1 file Core/Src/eps_params.c line 70 function eps_crc32 thread 0
Unwinding loop eps_crc32.0 iteration 2 file Core/Src/eps_params.c line 70 function eps_crc32 thread 0
Unwinding loop eps_crc32.0 iteration 3 file Core/Src/eps_params.c line 70 function eps_crc32 thread 0
Unwinding loop eps_crc32.0 iteration 4 file Core/Src/eps_params.c line 70 function eps_crc32 thread 0
Unwinding loop eps_crc32.0 iteration 5 file Core/Src/eps_params.c line 70 function eps_crc32 thread 0
Unwinding loop eps_crc32.0 iteration 6 file Core/Src/eps_params.c line 70 function eps_crc32 thread 0
Unwinding loop eps_crc32.0 iteration 7 file Core/Src/eps_params.c line 70 function eps_crc32 thread 0
Unwinding loop eps_crc32.0 iteration 8 file Core/Src/eps_params.c line 70 function eps_crc32 thread 0
Unwinding loop eps_crc32.1 iteration 4 file Core/Src/eps_params.c line 68 function eps_crc32 thread 0
Unwinding loop eps_crc32.0 iteration 1 file Core/Src/eps_params.c line 70 function eps_crc32 thread 0
Unwinding loop eps_crc32.0 iteration 2 file Core/Src/eps_params.c line 70 function eps_crc32 thread 0
Unwinding loop eps_crc32.0 iteration 3 file Core/Src/eps_params.c line 70 function eps_crc32 thread 0
Unwinding loop eps_crc32.0 iteration 4 file Core/Src/eps_params.c line 70 function eps_crc32 thread 0
Unwinding loop eps_crc32.0 iteration 5 file Core/Src/eps_params.c line 70 function eps_crc32 thread 0
Unwinding loop eps_crc32.0 iteration 6 file Core/Src/eps_params.c line 70 function eps_crc32 thread 0
Unwinding loop eps_crc32.0 iteration 7 file Core/Src/eps_params.c line 70 function eps_crc32 thread 0
Unwinding loop eps_crc32.0 iteration 8 file Core/Src/eps_params.c line 70 function eps_crc32 thread 0
Unwinding loop eps_crc32.1 iteration 5 file Core/Src/eps_params.c line 68 function eps_crc32 thread 0
Unwinding loop eps_crc32.0 iteration 1 file Core/Src/eps_params.c line 70 function eps_crc32 thread 0
Unwinding loop eps_crc32.0 iteration 2 file Core/Src/eps_params.c line 70 function eps_crc32 thread 0
Unwinding loop eps_crc32.0 iteration 3 file Core/Src/eps_params.c line 70 function eps_crc32 thread 0
Unwinding loop eps_crc32.0 iteration 4 file Core/Src/eps_params.c line 70 function eps_crc32 thread 0
Unwinding loop eps_crc32.0 iteration 5 file Core/Src/eps_params.c line 70 function eps_crc32 thread 0
Unwinding loop eps_crc32.0 iteration 6 file Core/Src/eps_params.c line 70 function eps_crc32 thread 0
Unwinding loop eps_crc32.0 iteration 7 file Core/Src/eps_params.c line 70 function eps_crc32 thread 0
Unwinding loop eps_crc32.0 iteration 8 file Core/Src/eps_params.c line 70 function eps_crc32 thread 0
Unwinding loop eps_crc32.1 iteration 6 file Core/Src/eps_params.c line 68 function eps_crc32 thread 0
Unwinding loop eps_crc32.0 iteration 1 file Core/Src/eps_params.c line 70 function eps_crc32 thread 0
Unwinding loop eps_crc32.0 iteration 2 file Core/Src/eps_params.c line 70 function eps_crc32 thread 0
Unwinding loop eps_crc32.0 iteration 3 file Core/Src/eps_params.c line 70 function eps_crc32 thread 0
Unwinding loop eps_crc32.0 iteration 4 file Core/Src/eps_params.c line 70 function eps_crc32 thread 0
Unwinding loop eps_crc32.0 iteration 5 file Core/Src/eps_params.c line 70 function eps_crc32 thread 0
Unwinding loop eps_crc32.0 iteration 6 file Core/Src/eps_params.c line 70 function eps_crc32 thread 0
Unwinding loop eps_crc32.0 iteration 7 file Core/Src/eps_params.c line 70 function eps_crc32 thread 0
Unwinding loop eps_crc32.0 iteration 8 file Core/Src/eps_params.c line 70 function eps_crc32 thread 0
Unwinding loop eps_crc32.1 iteration 7 file Core/Src/eps_params.c line 68 function eps_crc32 thread 0
Unwinding loop eps_crc32.0 iteration 1 file Core/Src/eps_params.c line 70 function eps_crc32 thread 0
Unwinding loop eps_crc32.0 iteration 2 file Core/Src/eps_params.c line 70 function eps_crc32 thread 0
Unwinding loop eps_crc32.0 iteration 3 file Core/Src/eps_params.c line 70 function eps_crc32 thread 0
Unwinding loop eps_crc32.0 iteration 4 file Core/Src/eps_params.c line 70 function eps_crc32 thread 0
Unwinding loop eps_crc32.0 iteration 5 file Core/Src/eps_params.c line 70 function eps_crc32 thread 0
Unwinding loop eps_crc32.0 iteration 6 file Core/Src/eps_params.c line 70 function eps_crc32 thread 0
Unwinding loop eps_crc32.0 iteration 7 file Core/Src/eps_params.c line 70 function eps_crc32 thread 0
Unwinding loop eps_crc32.0 iteration 8 file Core/Src/eps_params.c line 70 function eps_crc32 thread 0
Unwinding loop eps_crc32.1 iteration 8 file Core/Src/eps_params.c line 68 function eps_crc32 thread 0
Unwinding loop eps_crc32.0 iteration 1 file Core/Src/eps_params.c line 70 function eps_crc32 thread 0
Unwinding loop eps_crc32.0 iteration 2 file Core/Src/eps_params.c line 70 function eps_crc32 thread 0
Unwinding loop eps_crc32.0 iteration 3 file Core/Src/eps_params.c line 70 function eps_crc32 thread 0
Unwinding loop eps_crc32.0 iteration 4 file Core/Src/eps_params.c line 70 function eps_crc32 thread 0
Unwinding loop eps_crc32.0 iteration 5 file Core/Src/eps_params.c line 70 function eps_crc32 thread 0
Unwinding loop eps_crc32.0 iteration 6 file Core/Src/eps_params.c line 70 function eps_crc32 thread 0
Unwinding loop eps_crc32.0 iteration 7 file Core/Src/eps_params.c line 70 function eps_crc32 thread 0
Unwinding loop eps_crc32.0 iteration 8 file Core/Src/eps_params.c line 70 function eps_crc32 thread 0
Unwinding loop eps_crc32.1 iteration 9 file Core/Src/eps_params.c line 68 function eps_crc32 thread 0
Unwinding loop eps_crc32.0 iteration 1 file Core/Src/eps_params.c line 70 function eps_crc32 thread 0
Unwinding loop eps_crc32.0 iteration 2 file Core/Src/eps_params.c line 70 function eps_crc32 thread 0
Unwinding loop eps_crc32.0 iteration 3 file Core/Src/eps_params.c line 70 function eps_crc32 thread 0
Unwinding loop eps_crc32.0 iteration 4 file Core/Src/eps_params.c line 70 function eps_crc32 thread 0
Unwinding loop eps_crc32.0 iteration 5 file Core/Src/eps_params.c line 70 function eps_crc32 thread 0
Unwinding loop eps_crc32.0 iteration 6 file Core/Src/eps_params.c line 70 function eps_crc32 thread 0
Unwinding loop eps_crc32.0 iteration 7 file Core/Src/eps_params.c line 70 function eps_crc32 thread 0
Unwinding loop eps_crc32.0 iteration 8 file Core/Src/eps_params.c line 70 function eps_crc32 thread 0
Not unwinding loop eps_crc32.1 iteration 10 file Core/Src/eps_params.c line 68 function eps_crc32 thread 0
Runtime Symex: 0.030486s
size of program expression: 1587 steps
simple slicing removed 4 assignments
Generated 318 VCC(s), 78 remaining after simplification
Runtime Postprocess Equation: 6.5211e-05s
Passing problem to propositional reduction
converting SSA
Runtime Convert SSA: 0.00486258s
Running propositional reduction
Post-processing
Runtime Post-process: 0.000142476s
Solving with MiniSAT 2.2.1 with simplifier
5874 variables, 7129 clauses
SAT checker: instance is SATISFIABLE
Runtime Solver: 0.00556042s
Runtime decision procedure: 0.0105146s
Running propositional reduction
Solving with MiniSAT 2.2.1 with simplifier
5874 variables, 2001 clauses
SAT checker inconsistent: instance is UNSATISFIABLE
Runtime Solver: 3.807e-06s
Runtime decision procedure: 1.4357e-05s

** Results:
<builtin-library-memcpy> function memcpy
[memcpy.pointer.1] line 33 same object violation in (const char *)(const void *)&slotB->params >= (const char *)(void *)&eps_active + (signed long int)sizeof(eps_params_t) /*32ul*/ : SUCCESS
[memcpy.pointer.3] line 33 same object violation in (const char *)(const void *)&slotA->params >= (const char *)(void *)&eps_active + (signed long int)sizeof(eps_params_t) /*32ul*/ : SUCCESS
[memcpy.pointer.5] line 33 same object violation in (const char *)(const void *)&slotA->params >= (const char *)(void *)&eps_active + (signed long int)sizeof(eps_params_t) /*32ul*/ : SUCCESS
[memcpy.pointer.7] line 33 same object violation in (const char *)(const void *)&slotB->params >= (const char *)(void *)&eps_active + (signed long int)sizeof(eps_params_t) /*32ul*/ : SUCCESS
[memcpy.pointer.9] line 33 same object violation in (const char *)(const void *)&eps_defaults >= (const char *)(void *)&eps_active + (signed long int)sizeof(eps_params_t) /*32ul*/ : SUCCESS
[memcpy.pointer.11] line 33 same object violation in (const char *)(const void *)prev_flash >= (const char *)(void *)&prev_slot + (signed long int)sizeof(eps_flash_slot_t) /*44ul*/ : SUCCESS
[memcpy.pointer.13] line 33 same object violation in (const char *)(const void *)&eps_active >= (const char *)(void *)&slot.params + (signed long int)sizeof(eps_params_t) /*32ul*/ : SUCCESS
[memcpy.pointer.15] line 33 same object violation in (const char *)(const void *)&eps_defaults >= (const char *)(void *)&eps_active + (signed long int)sizeof(eps_params_t) /*32ul*/ : SUCCESS
[memcpy.pointer_arithmetic.1] line 33 pointer relation: pointer NULL in (const char *)(const void *)&slotB->params: SUCCESS
[memcpy.pointer_arithmetic.2] line 33 pointer relation: deallocated dynamic object in (const char *)(const void *)&slotB->params: SUCCESS
[memcpy.pointer_arithmetic.3] line 33 pointer relation: dead object in (const char *)(const void *)&slotB->params: SUCCESS
[memcpy.pointer_arithmetic.4] line 33 pointer relation: pointer outside object bounds in (const char *)(const void *)&slotB->params: SUCCESS
[memcpy.pointer_arithmetic.10] line 33 pointer relation: pointer NULL in (const char *)(const void *)&slotA->params: SUCCESS
[memcpy.pointer_arithmetic.11] line 33 pointer relation: deallocated dynamic object in (const char *)(const void *)&slotA->params: SUCCESS
[memcpy.pointer_arithmetic.12] line 33 pointer relation: dead object in (const char *)(const void *)&slotA->params: SUCCESS
[memcpy.pointer_arithmetic.13] line 33 pointer relation: pointer outside object bounds in (const char *)(const void *)&slotA->params: SUCCESS
[memcpy.pointer_arithmetic.19] line 33 pointer relation: pointer NULL in (const char *)(const void *)&slotA->params: SUCCESS
[memcpy.pointer_arithmetic.20] line 33 pointer relation: deallocated dynamic object in (const char *)(const void *)&slotA->params: SUCCESS
[memcpy.pointer_arithmetic.21] line 33 pointer relation: dead object in (const char *)(const void *)&slotA->params: SUCCESS
[memcpy.pointer_arithmetic.22] line 33 pointer relation: pointer outside object bounds in (const char *)(const void *)&slotA->params: SUCCESS
[memcpy.pointer_arithmetic.28] line 33 pointer relation: pointer NULL in (const char *)(const void *)&slotB->params: SUCCESS
[memcpy.pointer_arithmetic.29] line 33 pointer relation: deallocated dynamic object in (const char *)(const void *)&slotB->params: SUCCESS
[memcpy.pointer_arithmetic.30] line 33 pointer relation: dead object in (const char *)(const void *)&slotB->params: SUCCESS
[memcpy.pointer_arithmetic.31] line 33 pointer relation: pointer outside object bounds in (const char *)(const void *)&slotB->params: SUCCESS
[memcpy.pointer_arithmetic.37] line 33 pointer relation: pointer NULL in (const char *)(const void *)prev_flash: SUCCESS
[memcpy.pointer_arithmetic.38] line 33 pointer relation: pointer invalid in (const char *)(const void *)prev_flash: SUCCESS
[memcpy.pointer_arithmetic.39] line 33 pointer relation: deallocated dynamic object in (const char *)(const void *)prev_flash: SUCCESS
[memcpy.pointer_arithmetic.40] line 33 pointer relation: dead object in (const char *)(const void *)prev_flash: SUCCESS
[memcpy.pointer_arithmetic.41] line 33 pointer relation: pointer outside object bounds in (const char *)(const void *)prev_flash: SUCCESS
[memcpy.pointer_arithmetic.42] line 33 pointer relation: invalid integer address in (const char *)(const void *)prev_flash: SUCCESS
[memcpy.pointer_arithmetic.43] line 33 pointer relation: dead object in (const char *)(void *)&prev_slot + (signed long int)sizeof(eps_flash_slot_t) /*44ul*/ : SUCCESS
[memcpy.pointer_arithmetic.51] line 33 pointer relation: deallocated dynamic object in (const char *)(void *)&slot.params + (signed long int)sizeof(eps_params_t) /*32ul*/ : SUCCESS
[memcpy.pointer_arithmetic.52] line 33 pointer relation: dead object in (const char *)(void *)&slot.params + (signed long int)sizeof(eps_params_t) /*32ul*/ : SUCCESS
[memcpy.pointer.2] line 34 same object violation in (const char *)(void *)&eps_active >= (const char *)(const void *)&slotB->params + (signed long int)sizeof(eps_params_t) /*32ul*/ : SUCCESS
[memcpy.pointer.4] line 34 same object violation in (const char *)(void *)&eps_active >= (const char *)(const void *)&slotA->params + (signed long int)sizeof(eps_params_t) /*32ul*/ : SUCCESS
[memcpy.pointer.6] line 34 same object violation in (const char *)(void *)&eps_active >= (const char *)(const void *)&slotA->params + (signed long int)sizeof(eps_params_t) /*32ul*/ : SUCCESS
[memcpy.pointer.8] line 34 same object violation in (const char *)(void *)&eps_active >= (const char *)(const void *)&slotB->params + (signed long int)sizeof(eps_params_t) /*32ul*/ : SUCCESS
[memcpy.pointer.10] line 34 same object violation in (const char *)(void *)&eps_active >= (const char *)(const void *)&eps_defaults + (signed long int)sizeof(eps_params_t) /*32ul*/ : SUCCESS
[memcpy.pointer.12] line 34 same object violation in (const char *)(void *)&prev_slot >= (const char *)(const void *)prev_flash + (signed long int)sizeof(eps_flash_slot_t) /*44ul*/ : SUCCESS
[memcpy.pointer.14] line 34 same object violation in (const char *)(void *)&slot.params >= (const char *)(const void *)&eps_active + (signed long int)sizeof(eps_params_t) /*32ul*/ : SUCCESS
[memcpy.pointer.16] line 34 same object violation in (const char *)(void *)&eps_active >= (const char *)(const void *)&eps_defaults + (signed long int)sizeof(eps_params_t) /*32ul*/ : SUCCESS
[memcpy.pointer_arithmetic.5] line 34 pointer relation: pointer NULL in (const char *)(const void *)&slotB->params + (signed long int)sizeof(eps_params_t) /*32ul*/ : SUCCESS
[memcpy.pointer_arithmetic.6] line 34 pointer relation: deallocated dynamic object in (const char *)(const void *)&slotB->params + (signed long int)sizeof(eps_params_t) /*32ul*/ : SUCCESS
[memcpy.pointer_arithmetic.7] line 34 pointer relation: dead object in (const char *)(const void *)&slotB->params + (signed long int)sizeof(eps_params_t) /*32ul*/ : SUCCESS
[memcpy.pointer_arithmetic.8] line 34 pointer relation: pointer outside object bounds in (const char *)(const void *)&slotB->params + (signed long int)sizeof(eps_params_t) /*32ul*/ : SUCCESS
[memcpy.pointer_arithmetic.9] line 34 pointer relation: invalid integer address in (const char *)(const void *)&slotB->params + (signed long int)sizeof(eps_params_t) /*32ul*/ : SUCCESS
[memcpy.pointer_arithmetic.14] line 34 pointer relation: pointer NULL in (const char *)(const void *)&slotA->params + (signed long int)sizeof(eps_params_t) /*32ul*/ : SUCCESS
[memcpy.pointer_arithmetic.15] line 34 pointer relation: deallocated dynamic object in (const char *)(const void *)&slotA->params + (signed long int)sizeof(eps_params_t) /*32ul*/ : SUCCESS
[memcpy.pointer_arithmetic.16] line 34 pointer relation: dead object in (const char *)(const void *)&slotA->params + (signed long int)sizeof(eps_params_t) /*32ul*/ : SUCCESS
[memcpy.pointer_arithmetic.17] line 34 pointer relation: pointer outside object bounds in (const char *)(const void *)&slotA->params + (signed long int)sizeof(eps_params_t) /*32ul*/ : SUCCESS
[memcpy.pointer_arithmetic.18] line 34 pointer relation: invalid integer address in (const char *)(const void *)&slotA->params + (signed long int)sizeof(eps_params_t) /*32ul*/ : SUCCESS
[memcpy.pointer_arithmetic.23] line 34 pointer relation: pointer NULL in (const char *)(const void *)&slotA->params + (signed long int)sizeof(eps_params_t) /*32ul*/ : SUCCESS
[memcpy.pointer_arithmetic.24] line 34 pointer relation: deallocated dynamic object in (const char *)(const void *)&slotA->params + (signed long int)sizeof(eps_params_t) /*32ul*/ : SUCCESS
[memcpy.pointer_arithmetic.25] line 34 pointer relation: dead object in (const char *)(const void *)&slotA->params + (signed long int)sizeof(eps_params_t) /*32ul*/ : SUCCESS
[memcpy.pointer_arithmetic.26] line 34 pointer relation: pointer outside object bounds in (const char *)(const void *)&slotA->params + (signed long int)sizeof(eps_params_t) /*32ul*/ : SUCCESS
[memcpy.pointer_arithmetic.27] line 34 pointer relation: invalid integer address in (const char *)(const void *)&slotA->params + (signed long int)sizeof(eps_params_t) /*32ul*/ : SUCCESS
[memcpy.pointer_arithmetic.32] line 34 pointer relation: pointer NULL in (const char *)(const void *)&slotB->params + (signed long int)sizeof(eps_params_t) /*32ul*/ : SUCCESS
[memcpy.pointer_arithmetic.33] line 34 pointer relation: deallocated dynamic object in (const char *)(const void *)&slotB->params + (signed long int)sizeof(eps_params_t) /*32ul*/ : SUCCESS
[memcpy.pointer_arithmetic.34] line 34 pointer relation: dead object in (const char *)(const void *)&slotB->params + (signed long int)sizeof(eps_params_t) /*32ul*/ : SUCCESS
[memcpy.pointer_arithmetic.35] line 34 pointer relation: pointer outside object bounds in (const char *)(const void *)&slotB->params + (signed long int)sizeof(eps_params_t) /*32ul*/ : SUCCESS
[memcpy.pointer_arithmetic.36] line 34 pointer relation: invalid integer address in (const char *)(const void *)&slotB->params + (signed long int)sizeof(eps_params_t) /*32ul*/ : SUCCESS
[memcpy.pointer_arithmetic.44] line 34 pointer relation: dead object in (const char *)(void *)&prev_slot: SUCCESS
[memcpy.pointer_arithmetic.45] line 34 pointer relation: pointer NULL in (const char *)(const void *)prev_flash + (signed long int)sizeof(eps_flash_slot_t) /*44ul*/ : SUCCESS
[memcpy.pointer_arithmetic.46] line 34 pointer relation: pointer invalid in (const char *)(const void *)prev_flash + (signed long int)sizeof(eps_flash_slot_t) /*44ul*/ : SUCCESS
[memcpy.pointer_arithmetic.47] line 34 pointer relation: deallocated dynamic object in (const char *)(const void *)prev_flash + (signed long int)sizeof(eps_flash_slot_t) /*44ul*/ : SUCCESS
[memcpy.pointer_arithmetic.48] line 34 pointer relation: dead object in (const char *)(const void *)prev_flash + (signed long int)sizeof(eps_flash_slot_t) /*44ul*/ : SUCCESS
[memcpy.pointer_arithmetic.49] line 34 pointer relation: pointer outside object bounds in (const char *)(const void *)prev_flash + (signed long int)sizeof(eps_flash_slot_t) /*44ul*/ : SUCCESS
[memcpy.pointer_arithmetic.50] line 34 pointer relation: invalid integer address in (const char *)(const void *)prev_flash + (signed long int)sizeof(eps_flash_slot_t) /*44ul*/ : SUCCESS
[memcpy.pointer_arithmetic.53] line 34 pointer relation: deallocated dynamic object in (const char *)(void *)&slot.params: SUCCESS
[memcpy.pointer_arithmetic.54] line 34 pointer relation: dead object in (const char *)(void *)&slot.params: SUCCESS

Core/Src/eps_params.c function EPS_Params_Init
[EPS_Params_Init.pointer_dereference.1] line 101 dereference failure: pointer NULL in slotB->sequence: SUCCESS
[EPS_Params_Init.pointer_dereference.2] line 101 dereference failure: pointer invalid in slotB->sequence: SUCCESS
[EPS_Params_Init.pointer_dereference.3] line 101 dereference failure: deallocated dynamic object in slotB->sequence: SUCCESS
[EPS_Params_Init.pointer_dereference.4] line 101 dereference failure: dead object in slotB->sequence: SUCCESS
[EPS_Params_Init.pointer_dereference.5] line 101 dereference failure: pointer outside object bounds in slotB->sequence: SUCCESS
[EPS_Params_Init.pointer_dereference.6] line 101 dereference failure: invalid integer address in slotB->sequence: SUCCESS
[EPS_Params_Init.pointer_dereference.7] line 101 dereference failure: invalid integer address in slotA->sequence: SUCCESS
[EPS_Params_Init.precondition_instance.1] line 102 memcpy src/dst overlap: SUCCESS
[EPS_Params_Init.precondition_instance.2] line 102 memcpy source region readable: SUCCESS
[EPS_Params_Init.precondition_instance.3] line 102 memcpy destination region writeable: SUCCESS
[EPS_Params_Init.pointer_dereference.8] line 103 dereference failure: pointer NULL in slotB->sequence: SUCCESS
[EPS_Params_Init.pointer_dereference.9] line 103 dereference failure: pointer invalid in slotB->sequence: SUCCESS
[EPS_Params_Init.pointer_dereference.10] line 103 dereference failure: deallocated dynamic object in slotB->sequence: SUCCESS
[EPS_Params_Init.pointer_dereference.11] line 103 dereference failure: dead object in slotB->sequence: SUCCESS
[EPS_Params_Init.pointer_dereference.12] line 103 dereference failure: pointer outside object bounds in slotB->sequence: SUCCESS
[EPS_Params_Init.pointer_dereference.13] line 103 dereference failure: invalid integer address in slotB->sequence: SUCCESS
[EPS_Params_Init.precondition_instance.4] line 105 memcpy src/dst overlap: SUCCESS
[EPS_Params_Init.precondition_instance.5] line 105 memcpy source region readable: SUCCESS
[EPS_Params_Init.precondition_instance.6] line 105 memcpy destination region writeable: SUCCESS
[EPS_Params_Init.pointer_dereference.14] line 106 dereference failure: invalid integer address in slotA->sequence: SUCCESS
[EPS_Params_Init.precondition_instance.7] line 109 memcpy src/dst overlap: SUCCESS
[EPS_Params_Init.precondition_instance.8] line 109 memcpy source region readable: SUCCESS
[EPS_Params_Init.precondition_instance.9] line 109 memcpy destination region writeable: SUCCESS
[EPS_Params_Init.pointer_dereference.15] line 110 dereference failure: invalid integer address in slotA->sequence: SUCCESS
[EPS_Params_Init.precondition_instance.10] line 112 memcpy src/dst overlap: SUCCESS
[EPS_Params_Init.precondition_instance.11] line 112 memcpy source region readable: SUCCESS
[EPS_Params_Init.precondition_instance.12] line 112 memcpy destination region writeable: SUCCESS
[EPS_Params_Init.pointer_dereference.16] line 113 dereference failure: pointer NULL in slotB->sequence: SUCCESS
[EPS_Params_Init.pointer_dereference.17] line 113 dereference failure: pointer invalid in slotB->sequence: SUCCESS
[EPS_Params_Init.pointer_dereference.18] line 113 dereference failure: deallocated dynamic object in slotB->sequence: SUCCESS
[EPS_Params_Init.pointer_dereference.19] line 113 dereference failure: dead object in slotB->sequence: SUCCESS
[EPS_Params_Init.pointer_dereference.20] line 113 dereference failure: pointer outside object bounds in slotB->sequence: SUCCESS
[EPS_Params_Init.pointer_dereference.21] line 113 dereference failure: invalid integer address in slotB->sequence: SUCCESS
[EPS_Params_Init.precondition_instance.13] line 116 memcpy src/dst overlap: SUCCESS
[EPS_Params_Init.precondition_instance.14] line 116 memcpy source region readable: SUCCESS
[EPS_Params_Init.precondition_instance.15] line 116 memcpy destination region writeable: SUCCESS

Core/Src/eps_params.c function EPS_Params_ResetDefaults
[EPS_Params_ResetDefaults.precondition_instance.1] line 151 memcpy src/dst overlap: SUCCESS
[EPS_Params_ResetDefaults.precondition_instance.2] line 151 memcpy source region readable: SUCCESS
[EPS_Params_ResetDefaults.precondition_instance.3] line 151 memcpy destination region writeable: SUCCESS

Core/Src/eps_params.c function EPS_Params_Save
[EPS_Params_Save.overflow.1] line 163 arithmetic overflow on unsigned + in eps_sequence + 1u: SUCCESS
[EPS_Params_Save.precondition_instance.1] line 174 memcpy src/dst overlap: SUCCESS
[EPS_Params_Save.precondition_instance.2] line 174 memcpy source region readable: SUCCESS
[EPS_Params_Save.precondition_instance.3] line 174 memcpy destination region writeable: SUCCESS
[EPS_Params_Save.precondition_instance.4] line 182 memcpy src/dst overlap: SUCCESS
[EPS_Params_Save.precondition_instance.5] line 182 memcpy source region readable: SUCCESS
[EPS_Params_Save.precondition_instance.6] line 182 memcpy destination region writeable: SUCCESS
[EPS_Params_Save.overflow.2] line 187 arithmetic overflow on unsigned - in eps_sequence - 1u: SUCCESS
[EPS_Params_Save.overflow.3] line 200 arithmetic overflow on unsigned - in eps_sequence - 1u: SUCCESS
[EPS_Params_Save.overflow.4] line 207 arithmetic overflow on unsigned + in slot_size + 7u: SUCCESS
[EPS_Params_Save.overflow.7] line 210 arithmetic overflow on unsigned + in i + 1u: SUCCESS
[EPS_Params_Save.overflow.5] line 212 arithmetic overflow on unsigned * in i * 8u: SUCCESS
[EPS_Params_Save.overflow.6] line 212 arithmetic overflow on unsigned + in target_addr + i * 8u: SUCCESS
[EPS_Params_Save.pointer_dereference.1] line 212 dereference failure: dead object in src[(signed long int)i]: SUCCESS
[EPS_Params_Save.pointer_dereference.2] line 212 dereference failure: pointer outside object bounds in src[(signed long int)i]: SUCCESS
[EPS_Params_Save.overflow.10] line 224 arithmetic overflow on unsigned + in i + 1u: SUCCESS
[EPS_Params_Save.overflow.8] line 226 arithmetic overflow on unsigned * in i * 8u: SUCCESS
[EPS_Params_Save.overflow.9] line 226 arithmetic overflow on unsigned + in prev_addr + i * 8u: SUCCESS
[EPS_Params_Save.pointer_dereference.3] line 226 dereference failure: dead object in prev_src[(signed long int)i]: SUCCESS
[EPS_Params_Save.pointer_dereference.4] line 226 dereference failure: pointer outside object bounds in prev_src[(signed long int)i]: SUCCESS

Core/Src/eps_params.c function EPS_Params_Set
[EPS_Params_Set.pointer_dereference.1] line 145 dereference failure: pointer outside object bounds in fields[(signed long int)id]: SUCCESS

Core/Src/eps_params.c function eps_crc32
[eps_crc32.overflow.2] line 68 arithmetic overflow on unsigned + in i + 1u: SUCCESS
[eps_crc32.unwind.1] line 68 unwinding assertion loop 1: FAILURE
[eps_crc32.pointer_dereference.1] line 69 dereference failure: pointer NULL in p[(signed long int)i]: FAILURE
[eps_crc32.pointer_dereference.2] line 69 dereference failure: pointer invalid in p[(signed long int)i]: SUCCESS
[eps_crc32.pointer_dereference.3] line 69 dereference failure: deallocated dynamic object in p[(signed long int)i]: FAILURE
[eps_crc32.pointer_dereference.4] line 69 dereference failure: dead object in p[(signed long int)i]: FAILURE
[eps_crc32.pointer_dereference.5] line 69 dereference failure: pointer outside object bounds in p[(signed long int)i]: FAILURE
[eps_crc32.pointer_dereference.6] line 69 dereference failure: invalid integer address in p[(signed long int)i]: FAILURE
[eps_crc32.overflow.1] line 70 arithmetic overflow on signed + in b + 1: SUCCESS

Core/Src/eps_params.c function eps_slot_valid
[eps_slot_valid.pointer_dereference.1] line 83 dereference failure: pointer NULL in slot->magic: FAILURE
[eps_slot_valid.pointer_dereference.2] line 83 dereference failure: pointer invalid in slot->magic: SUCCESS
[eps_slot_valid.pointer_dereference.3] line 83 dereference failure: deallocated dynamic object in slot->magic: FAILURE
[eps_slot_valid.pointer_dereference.4] line 83 dereference failure: dead object in slot->magic: FAILURE
[eps_slot_valid.pointer_dereference.5] line 83 dereference failure: pointer outside object bounds in slot->magic: FAILURE
[eps_slot_valid.pointer_dereference.6] line 83 dereference failure: invalid integer address in slot->magic: FAILURE
[eps_slot_valid.pointer_dereference.7] line 86 dereference failure: pointer NULL in slot->checksum: SUCCESS
[eps_slot_valid.pointer_dereference.8] line 86 dereference failure: pointer invalid in slot->checksum: SUCCESS
[eps_slot_valid.pointer_dereference.9] line 86 dereference failure: deallocated dynamic object in slot->checksum: SUCCESS
[eps_slot_valid.pointer_dereference.10] line 86 dereference failure: dead object in slot->checksum: SUCCESS
[eps_slot_valid.pointer_dereference.11] line 86 dereference failure: pointer outside object bounds in slot->checksum: SUCCESS
[eps_slot_valid.pointer_dereference.12] line 86 dereference failure: invalid integer address in slot->checksum: SUCCESS

analysis_artifacts/stubs/stm32g4xx_hal.h function HAL_FLASHEx_Erase
[HAL_FLASHEx_Erase.pointer_dereference.1] line 1579 dereference failure: pointer NULL in *PageError: SUCCESS
[HAL_FLASHEx_Erase.pointer_dereference.2] line 1579 dereference failure: pointer invalid in *PageError: SUCCESS
[HAL_FLASHEx_Erase.pointer_dereference.3] line 1579 dereference failure: deallocated dynamic object in *PageError: SUCCESS
[HAL_FLASHEx_Erase.pointer_dereference.4] line 1579 dereference failure: dead object in *PageError: SUCCESS
[HAL_FLASHEx_Erase.pointer_dereference.5] line 1579 dereference failure: pointer outside object bounds in *PageError: SUCCESS
[HAL_FLASHEx_Erase.pointer_dereference.6] line 1579 dereference failure: invalid integer address in *PageError: SUCCESS

** 11 of 157 failed (2 iterations)
VERIFICATION FAILED
