CBMC version 5.95.1 (cbmc-5.95.1) 64-bit x86_64 linux
Parsing Core/Src/math_safety.c
Converting
Type-checking math_safety
Generating GOTO Program
Adding CPROVER library (x86_64)
Removal of function pointers and virtual functions
Generic Property Instrumentation
Running with 10 object bits, 54 offset bits (user-specified)
Starting Bounded Model Checking
Runtime Symex: 0.000586343s
size of program expression: 32 steps
simple slicing removed 0 assignments
Generated 0 VCC(s), 0 remaining after simplification
Runtime Postprocess Equation: 7.634e-06s

** Results:
Core/Src/math_safety.c function float_scaled_to_u16
[float_scaled_to_u16.NaN.1] line 48 NaN on * in v * scale: SUCCESS
[float_scaled_to_u16.overflow.1] line 48 arithmetic overflow on floating-point multiplication in v * scale: SUCCESS

** 0 of 2 failed (1 iterations)
VERIFICATION SUCCESSFUL
