CBMC version 5.95.1 (cbmc-5.95.1) 64-bit x86_64 linux
Parsing Core/Src/safety_system.c
Converting
Type-checking safety_system
file Core/Src/safety_system.c line 1076 function Safety_CheckCANTimeout: function 'CAN_IsGlobalSilent' is not declared
Generating GOTO Program
Adding CPROVER library (x86_64)
Removal of function pointers and virtual functions
Generic Property Instrumentation
Running with 10 object bits, 54 offset bits (user-specified)
Starting Bounded Model Checking
**** WARNING: no body for function Traction_EmergencyStop
Runtime Symex: 0.00276872s
size of program expression: 273 steps
simple slicing removed 0 assignments
Generated 0 VCC(s), 0 remaining after simplification
Runtime Postprocess Equation: 1.9777e-05s

** Results:
Core/Src/safety_system.c function ABS_Reset
[ABS_Reset.overflow.1] line 838 arithmetic overflow on unsigned + in i + 1: SUCCESS
[ABS_Reset.array_bounds.1] line 839 array 'safety_status'.wheel_scale upper bound in safety_status.wheel_scale[(signed long int)i]: SUCCESS
[ABS_Reset.array_bounds.2] line 840 array 'abs_pulse_timer' upper bound in abs_pulse_timer[(signed long int)i]: SUCCESS
[ABS_Reset.array_bounds.3] line 841 array 'abs_pulse_phase' upper bound in abs_pulse_phase[(signed long int)i]: SUCCESS

Core/Src/safety_system.c function ABS_Update
[ABS_Update.NaN.1] line 763 NaN on + in spd[(signed long int)0] + spd[(signed long int)1]: SUCCESS
[ABS_Update.NaN.2] line 763 NaN on + in spd[(signed long int)0] + spd[(signed long int)1] + spd[(signed long int)2]: SUCCESS
[ABS_Update.NaN.3] line 763 NaN on + in spd[(signed long int)0] + spd[(signed long int)1] + spd[(signed long int)2] + spd[(signed long int)3]: SUCCESS
[ABS_Update.overflow.1] line 763 arithmetic overflow on floating-point addition in spd[(signed long int)0] + spd[(signed long int)1]: SUCCESS
[ABS_Update.overflow.2] line 763 arithmetic overflow on floating-point addition in spd[(signed long int)0] + spd[(signed long int)1] + spd[(signed long int)2]: SUCCESS
[ABS_Update.overflow.3] line 763 arithmetic overflow on floating-point addition in spd[(signed long int)0] + spd[(signed long int)1] + spd[(signed long int)2] + spd[(signed long int)3]: SUCCESS
[ABS_Update.overflow.4] line 763 arithmetic overflow on floating-point division in (spd[(signed long int)0] + spd[(signed long int)1] + spd[(signed long int)2] + spd[(signed long int)3]) / 4.0f: SUCCESS
[ABS_Update.overflow.5] line 775 arithmetic overflow on unsigned - in (uint32_t)80 - on_duration: SUCCESS
[ABS_Update.overflow.10] line 778 arithmetic overflow on unsigned + in i + 1: SUCCESS
[ABS_Update.NaN.4] line 779 NaN on - in avg - spd[(signed long int)i]: SUCCESS
[ABS_Update.NaN.5] line 779 NaN on / in ((avg - spd[(signed long int)i]) * 100.0f) / avg: SUCCESS
[ABS_Update.array_bounds.1] line 779 array 'spd' upper bound in spd[(signed long int)i]: SUCCESS
[ABS_Update.division-by-zero.1] line 779 division by zero in ((avg - spd[(signed long int)i]) * 100.0f) / avg: SUCCESS
[ABS_Update.overflow.6] line 779 arithmetic overflow on floating-point subtraction in avg - spd[(signed long int)i]: SUCCESS
[ABS_Update.overflow.7] line 779 arithmetic overflow on floating-point multiplication in (avg - spd[(signed long int)i]) * 100.0f: SUCCESS
[ABS_Update.overflow.8] line 779 arithmetic overflow on floating-point division in ((avg - spd[(signed long int)i]) * 100.0f) / avg: SUCCESS
[ABS_Update.array_bounds.2] line 786 array 'abs_pulse_timer' upper bound in abs_pulse_timer[(signed long int)i]: SUCCESS
[ABS_Update.overflow.9] line 786 arithmetic overflow on unsigned - in now - abs_pulse_timer[(signed long int)i]: SUCCESS
[ABS_Update.array_bounds.3] line 787 array 'abs_pulse_phase' upper bound in abs_pulse_phase[(signed long int)i]: SUCCESS
[ABS_Update.array_bounds.4] line 796 array 'abs_pulse_phase' upper bound in abs_pulse_phase[(signed long int)i]: SUCCESS
[ABS_Update.array_bounds.5] line 797 array 'abs_pulse_timer' upper bound in abs_pulse_timer[(signed long int)i]: SUCCESS
[ABS_Update.array_bounds.6] line 801 array 'abs_pulse_phase' upper bound in abs_pulse_phase[(signed long int)i]: SUCCESS
[ABS_Update.array_bounds.7] line 802 array 'safety_status'.wheel_scale upper bound in safety_status.wheel_scale[(signed long int)i]: SUCCESS
[ABS_Update.array_bounds.8] line 804 array 'safety_status'.wheel_scale upper bound in safety_status.wheel_scale[(signed long int)i]: SUCCESS
[ABS_Update.array_bounds.9] line 810 array 'safety_status'.wheel_scale upper bound in safety_status.wheel_scale[(signed long int)i]: SUCCESS
[ABS_Update.array_bounds.10] line 811 array 'abs_pulse_timer' upper bound in abs_pulse_timer[(signed long int)i]: SUCCESS
[ABS_Update.array_bounds.11] line 812 array 'abs_pulse_phase' upper bound in abs_pulse_phase[(signed long int)i]: SUCCESS

Core/Src/safety_system.c function Obstacle_GetVehicleSpeed
[Obstacle_GetVehicleSpeed.NaN.1] line 1504 NaN on + in return_value_Wheel_GetSpeed_FL + return_value_Wheel_GetSpeed_FR: SUCCESS
[Obstacle_GetVehicleSpeed.NaN.2] line 1504 NaN on + in return_value_Wheel_GetSpeed_FL + return_value_Wheel_GetSpeed_FR + return_value_Wheel_GetSpeed_RL: SUCCESS
[Obstacle_GetVehicleSpeed.overflow.1] line 1504 arithmetic overflow on floating-point addition in return_value_Wheel_GetSpeed_FL + return_value_Wheel_GetSpeed_FR: SUCCESS
[Obstacle_GetVehicleSpeed.overflow.2] line 1504 arithmetic overflow on floating-point addition in return_value_Wheel_GetSpeed_FL + return_value_Wheel_GetSpeed_FR + return_value_Wheel_GetSpeed_RL: SUCCESS
[Obstacle_GetVehicleSpeed.NaN.3] line 1505 NaN on + in return_value_Wheel_GetSpeed_FL + return_value_Wheel_GetSpeed_FR + return_value_Wheel_GetSpeed_RL + return_value_Wheel_GetSpeed_RR: SUCCESS
[Obstacle_GetVehicleSpeed.overflow.3] line 1505 arithmetic overflow on floating-point addition in return_value_Wheel_GetSpeed_FL + return_value_Wheel_GetSpeed_FR + return_value_Wheel_GetSpeed_RL + return_value_Wheel_GetSpeed_RR: SUCCESS
[Obstacle_GetVehicleSpeed.overflow.4] line 1505 arithmetic overflow on floating-point multiplication in (return_value_Wheel_GetSpeed_FL + return_value_Wheel_GetSpeed_FR + return_value_Wheel_GetSpeed_RL + return_value_Wheel_GetSpeed_RR) * 0.25f: SUCCESS

Core/Src/safety_system.c function Obstacle_ProcessCAN
[Obstacle_ProcessCAN.overflow.1] line 1552 arithmetic overflow on signed shl in (signed int)data[(signed long int)1] << 8: SUCCESS
[Obstacle_ProcessCAN.pointer_dereference.1] line 1552 dereference failure: pointer NULL in data[(signed long int)0]: SUCCESS
[Obstacle_ProcessCAN.pointer_dereference.2] line 1552 dereference failure: pointer invalid in data[(signed long int)0]: SUCCESS
[Obstacle_ProcessCAN.pointer_dereference.3] line 1552 dereference failure: deallocated dynamic object in data[(signed long int)0]: SUCCESS
[Obstacle_ProcessCAN.pointer_dereference.4] line 1552 dereference failure: dead object in data[(signed long int)0]: SUCCESS
[Obstacle_ProcessCAN.pointer_dereference.5] line 1552 dereference failure: pointer outside object bounds in data[(signed long int)0]: SUCCESS
[Obstacle_ProcessCAN.pointer_dereference.6] line 1552 dereference failure: invalid integer address in data[(signed long int)0]: SUCCESS
[Obstacle_ProcessCAN.pointer_dereference.7] line 1552 dereference failure: pointer NULL in data[(signed long int)1]: SUCCESS
[Obstacle_ProcessCAN.pointer_dereference.8] line 1552 dereference failure: pointer invalid in data[(signed long int)1]: SUCCESS
[Obstacle_ProcessCAN.pointer_dereference.9] line 1552 dereference failure: deallocated dynamic object in data[(signed long int)1]: SUCCESS
[Obstacle_ProcessCAN.pointer_dereference.10] line 1552 dereference failure: dead object in data[(signed long int)1]: SUCCESS
[Obstacle_ProcessCAN.pointer_dereference.11] line 1552 dereference failure: pointer outside object bounds in data[(signed long int)1]: SUCCESS
[Obstacle_ProcessCAN.pointer_dereference.12] line 1552 dereference failure: invalid integer address in data[(signed long int)1]: SUCCESS
[Obstacle_ProcessCAN.pointer_dereference.13] line 1553 dereference failure: pointer NULL in data[(signed long int)2]: SUCCESS
[Obstacle_ProcessCAN.pointer_dereference.14] line 1553 dereference failure: pointer invalid in data[(signed long int)2]: SUCCESS
[Obstacle_ProcessCAN.pointer_dereference.15] line 1553 dereference failure: deallocated dynamic object in data[(signed long int)2]: SUCCESS
[Obstacle_ProcessCAN.pointer_dereference.16] line 1553 dereference failure: dead object in data[(signed long int)2]: SUCCESS
[Obstacle_ProcessCAN.pointer_dereference.17] line 1553 dereference failure: pointer outside object bounds in data[(signed long int)2]: SUCCESS
[Obstacle_ProcessCAN.pointer_dereference.18] line 1553 dereference failure: invalid integer address in data[(signed long int)2]: SUCCESS
[Obstacle_ProcessCAN.pointer_dereference.19] line 1554 dereference failure: pointer NULL in data[(signed long int)3]: SUCCESS
[Obstacle_ProcessCAN.pointer_dereference.20] line 1554 dereference failure: pointer invalid in data[(signed long int)3]: SUCCESS
[Obstacle_ProcessCAN.pointer_dereference.21] line 1554 dereference failure: deallocated dynamic object in data[(signed long int)3]: SUCCESS
[Obstacle_ProcessCAN.pointer_dereference.22] line 1554 dereference failure: dead object in data[(signed long int)3]: SUCCESS
[Obstacle_ProcessCAN.pointer_dereference.23] line 1554 dereference failure: pointer outside object bounds in data[(signed long int)3]: SUCCESS
[Obstacle_ProcessCAN.pointer_dereference.24] line 1554 dereference failure: invalid integer address in data[(signed long int)3]: SUCCESS
[Obstacle_ProcessCAN.pointer_dereference.25] line 1555 dereference failure: pointer NULL in data[(signed long int)4]: SUCCESS
[Obstacle_ProcessCAN.pointer_dereference.26] line 1555 dereference failure: pointer invalid in data[(signed long int)4]: SUCCESS
[Obstacle_ProcessCAN.pointer_dereference.27] line 1555 dereference failure: deallocated dynamic object in data[(signed long int)4]: SUCCESS
[Obstacle_ProcessCAN.pointer_dereference.28] line 1555 dereference failure: dead object in data[(signed long int)4]: SUCCESS
[Obstacle_ProcessCAN.pointer_dereference.29] line 1555 dereference failure: pointer outside object bounds in data[(signed long int)4]: SUCCESS
[Obstacle_ProcessCAN.pointer_dereference.30] line 1555 dereference failure: invalid integer address in data[(signed long int)4]: SUCCESS
[Obstacle_ProcessCAN.overflow.2] line 1567 arithmetic overflow on unsigned + in obstacle_stale_count + 1: SUCCESS
[Obstacle_ProcessCAN.overflow.3] line 1583 arithmetic overflow on unsigned - in now - obstacle_prev_dist_tick: SUCCESS
[Obstacle_ProcessCAN.overflow.4] line 1586 arithmetic overflow on floating-point multiplication in (float)8000 * (float)dt_ms: SUCCESS
[Obstacle_ProcessCAN.overflow.5] line 1587 arithmetic overflow on floating-point division in ((float)8000 * (float)dt_ms) / 1000.0f: SUCCESS
[Obstacle_ProcessCAN.overflow.6] line 1588 arithmetic overflow on signed - in (int32_t)obstacle_prev_distance - (int32_t)dist: SUCCESS
[Obstacle_ProcessCAN.overflow.7] line 1608 arithmetic overflow on signed - in (int32_t)dist - (int32_t)obstacle_prev_distance: SUCCESS
[Obstacle_ProcessCAN.overflow.8] line 1609 arithmetic overflow on signed unary minus in -delta: SUCCESS
[Obstacle_ProcessCAN.overflow.9] line 1617 arithmetic overflow on unsigned - in now - obstacle_stuck_since: SUCCESS

Core/Src/safety_system.c function Obstacle_ProcessSafetyCAN
[Obstacle_ProcessSafetyCAN.pointer_dereference.1] line 1669 dereference failure: pointer NULL in data[(signed long int)0]: SUCCESS
[Obstacle_ProcessSafetyCAN.pointer_dereference.2] line 1669 dereference failure: pointer invalid in data[(signed long int)0]: SUCCESS
[Obstacle_ProcessSafetyCAN.pointer_dereference.3] line 1669 dereference failure: deallocated dynamic object in data[(signed long int)0]: SUCCESS
[Obstacle_ProcessSafetyCAN.pointer_dereference.4] line 1669 dereference failure: dead object in data[(signed long int)0]: SUCCESS
[Obstacle_ProcessSafetyCAN.pointer_dereference.5] line 1669 dereference failure: pointer outside object bounds in data[(signed long int)0]: SUCCESS
[Obstacle_ProcessSafetyCAN.pointer_dereference.6] line 1669 dereference failure: invalid integer address in data[(signed long int)0]: SUCCESS
[Obstacle_ProcessSafetyCAN.pointer_dereference.7] line 1670 dereference failure: pointer NULL in data[(signed long int)1]: SUCCESS
[Obstacle_ProcessSafetyCAN.pointer_dereference.8] line 1670 dereference failure: pointer invalid in data[(signed long int)1]: SUCCESS
[Obstacle_ProcessSafetyCAN.pointer_dereference.9] line 1670 dereference failure: deallocated dynamic object in data[(signed long int)1]: SUCCESS
[Obstacle_ProcessSafetyCAN.pointer_dereference.10] line 1670 dereference failure: dead object in data[(signed long int)1]: SUCCESS
[Obstacle_ProcessSafetyCAN.pointer_dereference.11] line 1670 dereference failure: pointer outside object bounds in data[(signed long int)1]: SUCCESS
[Obstacle_ProcessSafetyCAN.pointer_dereference.12] line 1670 dereference failure: invalid integer address in data[(signed long int)1]: SUCCESS
[Obstacle_ProcessSafetyCAN.pointer_dereference.13] line 1671 dereference failure: pointer NULL in data[(signed long int)2]: SUCCESS
[Obstacle_ProcessSafetyCAN.pointer_dereference.14] line 1671 dereference failure: pointer invalid in data[(signed long int)2]: SUCCESS
[Obstacle_ProcessSafetyCAN.pointer_dereference.15] line 1671 dereference failure: deallocated dynamic object in data[(signed long int)2]: SUCCESS
[Obstacle_ProcessSafetyCAN.pointer_dereference.16] line 1671 dereference failure: dead object in data[(signed long int)2]: SUCCESS
[Obstacle_ProcessSafetyCAN.pointer_dereference.17] line 1671 dereference failure: pointer outside object bounds in data[(signed long int)2]: SUCCESS
[Obstacle_ProcessSafetyCAN.pointer_dereference.18] line 1671 dereference failure: invalid integer address in data[(signed long int)2]: SUCCESS

Core/Src/safety_system.c function Obstacle_StoppingDistance
[Obstacle_StoppingDistance.overflow.1] line 1523 arithmetic overflow on floating-point division in speed_kmh / 3.6f: SUCCESS
[Obstacle_StoppingDistance.overflow.2] line 1524 arithmetic overflow on floating-point multiplication in v_ms * 1000.0f: SUCCESS
[Obstacle_StoppingDistance.NaN.1] line 1525 NaN on * in v_mms * v_mms: SUCCESS
[Obstacle_StoppingDistance.overflow.3] line 1525 arithmetic overflow on floating-point multiplication in v_mms * v_mms: SUCCESS
[Obstacle_StoppingDistance.overflow.4] line 1525 arithmetic overflow on floating-point division in (v_mms * v_mms) / (2.0f * 3000.0f): SUCCESS
[Obstacle_StoppingDistance.overflow.5] line 1526 arithmetic overflow on floating-point addition in (v_mms * v_mms) / (2.0f * 3000.0f) + (float)200: SUCCESS

Core/Src/safety_system.c function Obstacle_Update
[Obstacle_Update.overflow.1] line 1736 arithmetic overflow on unsigned - in now - obstacle_last_rx_tick: SUCCESS
[Obstacle_Update.overflow.2] line 1788 arithmetic overflow on signed + in (signed int)dyn_emergency + (500 - 200): SUCCESS
[Obstacle_Update.overflow.3] line 1790 arithmetic overflow on signed + in (signed int)dyn_critical + (1000 - 500): SUCCESS
[Obstacle_Update.overflow.4] line 1792 arithmetic overflow on signed + in (signed int)dyn_warning + (1500 - 1000): SUCCESS
[Obstacle_Update.overflow.5] line 1794 arithmetic overflow on signed + in (signed int)dyn_caution + (4000 - 1500): SUCCESS
[Obstacle_Update.overflow.6] line 1831 arithmetic overflow on unsigned - in now - child_pedal_sample_tick: SUCCESS
[Obstacle_Update.NaN.1] line 1832 NaN on - in child_prev_pedal_pct - pedal_now: SUCCESS
[Obstacle_Update.overflow.7] line 1832 arithmetic overflow on floating-point subtraction in child_prev_pedal_pct - pedal_now: SUCCESS
[Obstacle_Update.overflow.8] line 1844 arithmetic overflow on unsigned - in now - child_reaction_start: SUCCESS
[Obstacle_Update.overflow.9] line 1899 arithmetic overflow on unsigned - in now - obstacle_confirm_tick: SUCCESS
[Obstacle_Update.overflow.10] line 1946 arithmetic overflow on unsigned - in now - obstacle_clear_tick: SUCCESS

Core/Src/safety_system.c function Relay_SequencerUpdate
[Relay_SequencerUpdate.overflow.1] line 508 arithmetic overflow on unsigned - in now - relay_seq_timestamp: SUCCESS
[Relay_SequencerUpdate.overflow.2] line 516 arithmetic overflow on unsigned - in now - relay_seq_timestamp: SUCCESS

Core/Src/safety_system.c function Safety_CheckCANTimeout
[Safety_CheckCANTimeout.overflow.1] line 1082 arithmetic overflow on unsigned - in return_value_HAL_GetTick$1 - last_can_rx_time: SUCCESS
[Safety_CheckCANTimeout.overflow.2] line 1140 arithmetic overflow on unsigned - in return_value_HAL_GetTick - limphome_recovery_since: SUCCESS
[Safety_CheckCANTimeout.overflow.3] line 1188 arithmetic overflow on unsigned - in return_value_HAL_GetTick$0 - recovery_clean_since: SUCCESS

Core/Src/safety_system.c function Safety_CheckCurrent
[Safety_CheckCurrent.overflow.3] line 958 arithmetic overflow on unsigned + in i + 1: SUCCESS
[Safety_CheckCurrent.overflow.1] line 962 arithmetic overflow on signed + in 9 + (signed int)i: SUCCESS
[Safety_CheckCurrent.overflow.2] line 973 arithmetic overflow on unsigned + in consecutive_errors + 1: SUCCESS
[Safety_CheckCurrent.overflow.4] line 996 arithmetic overflow on unsigned - in return_value_HAL_GetTick - last_error_tick: SUCCESS

Core/Src/safety_system.c function Safety_CheckSensors
[Safety_CheckSensors.overflow.3] line 1213 arithmetic overflow on unsigned + in i + 1: SUCCESS
[Safety_CheckSensors.overflow.1] line 1214 arithmetic overflow on signed + in 4 + (signed int)i: SUCCESS
[Safety_CheckSensors.overflow.2] line 1219 arithmetic overflow on unsigned + in fault_count + 1: SUCCESS
[Safety_CheckSensors.overflow.6] line 1228 arithmetic overflow on unsigned + in i + 1: SUCCESS
[Safety_CheckSensors.overflow.4] line 1229 arithmetic overflow on signed + in 9 + (signed int)i: SUCCESS
[Safety_CheckSensors.overflow.5] line 1234 arithmetic overflow on unsigned + in fault_count + 1: SUCCESS
[Safety_CheckSensors.overflow.9] line 1246 arithmetic overflow on unsigned + in i + 1: SUCCESS
[Safety_CheckSensors.overflow.7] line 1247 arithmetic overflow on signed + in 15 + (signed int)i: SUCCESS
[Safety_CheckSensors.array_bounds.1] line 1249 array 'spd' upper bound in spd[(signed long int)i]: SUCCESS
[Safety_CheckSensors.array_bounds.2] line 1249 array 'spd' upper bound in spd[(signed long int)i]: SUCCESS
[Safety_CheckSensors.overflow.8] line 1251 arithmetic overflow on unsigned + in fault_count + 1: SUCCESS

Core/Src/safety_system.c function Safety_CheckSteeringTimeout
[Safety_CheckSteeringTimeout.overflow.1] line 612 arithmetic overflow on unsigned - in now - last_steering_tick: SUCCESS

Core/Src/safety_system.c function Safety_CheckTemperature
[Safety_CheckTemperature.overflow.2] line 1019 arithmetic overflow on unsigned + in i + 1: SUCCESS
[Safety_CheckTemperature.overflow.1] line 1024 arithmetic overflow on signed + in 4 + (signed int)i: SUCCESS
[Safety_CheckTemperature.overflow.4] line 1051 arithmetic overflow on unsigned + in i + 1: SUCCESS
[Safety_CheckTemperature.overflow.3] line 1052 arithmetic overflow on signed + in 4 + (signed int)i: SUCCESS

Core/Src/safety_system.c function Safety_GetFaultFlags
[Safety_GetFaultFlags.overflow.2] line 467 arithmetic overflow on unsigned + in i + 1: SUCCESS
[Safety_GetFaultFlags.overflow.1] line 468 arithmetic overflow on signed + in 15 + (signed int)i: SUCCESS

Core/Src/safety_system.c function Safety_GetPowerLimitFactor
[Safety_GetPowerLimitFactor.overflow.1] line 386 arithmetic overflow on floating-point division in 70.0f / 100.0f: SUCCESS
[Safety_GetPowerLimitFactor.overflow.2] line 387 arithmetic overflow on floating-point division in 50.0f / 100.0f: SUCCESS
[Safety_GetPowerLimitFactor.overflow.3] line 388 arithmetic overflow on floating-point division in 40.0f / 100.0f: SUCCESS
[Safety_GetPowerLimitFactor.overflow.4] line 389 arithmetic overflow on floating-point division in 40.0f / 100.0f: SUCCESS

Core/Src/safety_system.c function Safety_GetSteeringLimitFactor
[Safety_GetSteeringLimitFactor.overflow.1] line 406 arithmetic overflow on floating-point division in 85.0f / 100.0f: SUCCESS
[Safety_GetSteeringLimitFactor.overflow.2] line 407 arithmetic overflow on floating-point division in 70.0f / 100.0f: SUCCESS
[Safety_GetSteeringLimitFactor.overflow.3] line 408 arithmetic overflow on floating-point division in 60.0f / 100.0f: SUCCESS

Core/Src/safety_system.c function Safety_GetTractionCapFactor
[Safety_GetTractionCapFactor.overflow.1] line 426 arithmetic overflow on floating-point division in 80.0f / 100.0f: SUCCESS
[Safety_GetTractionCapFactor.overflow.2] line 427 arithmetic overflow on floating-point division in 60.0f / 100.0f: SUCCESS
[Safety_GetTractionCapFactor.overflow.3] line 428 arithmetic overflow on floating-point division in 50.0f / 100.0f: SUCCESS
[Safety_GetTractionCapFactor.overflow.4] line 429 arithmetic overflow on floating-point division in 50.0f / 100.0f: SUCCESS

Core/Src/safety_system.c function Safety_Init
[Safety_Init.overflow.1] line 661 arithmetic overflow on unsigned + in i + 1: SUCCESS
[Safety_Init.array_bounds.1] line 662 array 'safety_status'.wheel_scale upper bound in safety_status.wheel_scale[(signed long int)i]: SUCCESS
[Safety_Init.array_bounds.2] line 663 array 'tcs_reduction' upper bound in tcs_reduction[(signed long int)i]: SUCCESS
[Safety_Init.array_bounds.3] line 664 array 'abs_pulse_timer' upper bound in abs_pulse_timer[(signed long int)i]: SUCCESS
[Safety_Init.array_bounds.4] line 665 array 'abs_pulse_phase' upper bound in abs_pulse_phase[(signed long int)i]: SUCCESS

Core/Src/safety_system.c function Safety_ValidateModeChange
[Safety_ValidateModeChange.NaN.1] line 640 NaN on + in return_value_Wheel_GetSpeed_FL + return_value_Wheel_GetSpeed_FR: SUCCESS
[Safety_ValidateModeChange.NaN.2] line 640 NaN on + in return_value_Wheel_GetSpeed_FL + return_value_Wheel_GetSpeed_FR + return_value_Wheel_GetSpeed_RL: SUCCESS
[Safety_ValidateModeChange.overflow.1] line 640 arithmetic overflow on floating-point addition in return_value_Wheel_GetSpeed_FL + return_value_Wheel_GetSpeed_FR: SUCCESS
[Safety_ValidateModeChange.overflow.2] line 640 arithmetic overflow on floating-point addition in return_value_Wheel_GetSpeed_FL + return_value_Wheel_GetSpeed_FR + return_value_Wheel_GetSpeed_RL: SUCCESS
[Safety_ValidateModeChange.NaN.3] line 641 NaN on + in return_value_Wheel_GetSpeed_FL + return_value_Wheel_GetSpeed_FR + return_value_Wheel_GetSpeed_RL + return_value_Wheel_GetSpeed_RR: SUCCESS
[Safety_ValidateModeChange.overflow.3] line 641 arithmetic overflow on floating-point addition in return_value_Wheel_GetSpeed_FL + return_value_Wheel_GetSpeed_FR + return_value_Wheel_GetSpeed_RL + return_value_Wheel_GetSpeed_RR: SUCCESS
[Safety_ValidateModeChange.overflow.4] line 641 arithmetic overflow on floating-point division in (return_value_Wheel_GetSpeed_FL + return_value_Wheel_GetSpeed_FR + return_value_Wheel_GetSpeed_RL + return_value_Wheel_GetSpeed_RR) / 4.0f: SUCCESS

Core/Src/safety_system.c function Safety_ValidateSteering
[Safety_ValidateSteering.overflow.1] line 581 arithmetic overflow on unsigned - in now - last_steering_tick: SUCCESS
[Safety_ValidateSteering.overflow.2] line 581 arithmetic overflow on floating-point division in (float)(now - last_steering_tick) / 1000.0f: SUCCESS
[Safety_ValidateSteering.overflow.3] line 583 arithmetic overflow on floating-point multiplication in 200.0f * dt: SUCCESS
[Safety_ValidateSteering.NaN.1] line 584 NaN on - in requested_deg - last_steering_cmd: SUCCESS
[Safety_ValidateSteering.overflow.4] line 584 arithmetic overflow on floating-point subtraction in requested_deg - last_steering_cmd: SUCCESS
[Safety_ValidateSteering.NaN.2] line 585 NaN on + in last_steering_cmd + max_delta: SUCCESS
[Safety_ValidateSteering.overflow.5] line 585 arithmetic overflow on floating-point addition in last_steering_cmd + max_delta: SUCCESS
[Safety_ValidateSteering.NaN.3] line 586 NaN on - in last_steering_cmd - max_delta: SUCCESS
[Safety_ValidateSteering.overflow.6] line 586 arithmetic overflow on floating-point subtraction in last_steering_cmd - max_delta: SUCCESS

Core/Src/safety_system.c function Safety_ValidateThrottle
[Safety_ValidateThrottle.NaN.1] line 562 NaN on * in requested_pct * limit: SUCCESS
[Safety_ValidateThrottle.overflow.1] line 562 arithmetic overflow on floating-point multiplication in requested_pct * limit: SUCCESS

Core/Src/safety_system.c function TCS_Reset
[TCS_Reset.array_bounds.1] line 952 array 'tcs_reduction' upper bound in tcs_reduction[(signed long int)i]: SUCCESS
[TCS_Reset.overflow.1] line 952 arithmetic overflow on unsigned + in i + 1: SUCCESS

Core/Src/safety_system.c function TCS_Update
[TCS_Update.overflow.1] line 867 arithmetic overflow on unsigned + in i + 1: SUCCESS
[TCS_Update.array_bounds.1] line 868 array 'tcs_reduction' upper bound in tcs_reduction[(signed long int)i]: SUCCESS
[TCS_Update.NaN.1] line 884 NaN on + in spd[(signed long int)0] + spd[(signed long int)1]: SUCCESS
[TCS_Update.NaN.2] line 884 NaN on + in spd[(signed long int)0] + spd[(signed long int)1] + spd[(signed long int)2]: SUCCESS
[TCS_Update.NaN.3] line 884 NaN on + in spd[(signed long int)0] + spd[(signed long int)1] + spd[(signed long int)2] + spd[(signed long int)3]: SUCCESS
[TCS_Update.overflow.2] line 884 arithmetic overflow on floating-point addition in spd[(signed long int)0] + spd[(signed long int)1]: SUCCESS
[TCS_Update.overflow.3] line 884 arithmetic overflow on floating-point addition in spd[(signed long int)0] + spd[(signed long int)1] + spd[(signed long int)2]: SUCCESS
[TCS_Update.overflow.4] line 884 arithmetic overflow on floating-point addition in spd[(signed long int)0] + spd[(signed long int)1] + spd[(signed long int)2] + spd[(signed long int)3]: SUCCESS
[TCS_Update.overflow.5] line 884 arithmetic overflow on floating-point division in (spd[(signed long int)0] + spd[(signed long int)1] + spd[(signed long int)2] + spd[(signed long int)3]) / 4.0f: SUCCESS
[TCS_Update.overflow.6] line 888 arithmetic overflow on unsigned + in i + 1: SUCCESS
[TCS_Update.array_bounds.2] line 889 array 'tcs_reduction' upper bound in tcs_reduction[(signed long int)i]: SUCCESS
[TCS_Update.overflow.7] line 895 arithmetic overflow on unsigned - in now - tcs_last_tick: SUCCESS
[TCS_Update.overflow.8] line 895 arithmetic overflow on floating-point division in (float)(now - tcs_last_tick) / 1000.0f: SUCCESS
[TCS_Update.overflow.16] line 900 arithmetic overflow on unsigned + in i + 1: SUCCESS
[TCS_Update.NaN.4] line 901 NaN on - in spd[(signed long int)i] - avg: SUCCESS
[TCS_Update.NaN.5] line 901 NaN on / in ((spd[(signed long int)i] - avg) * 100.0f) / avg: SUCCESS
[TCS_Update.array_bounds.3] line 901 array 'spd' upper bound in spd[(signed long int)i]: SUCCESS
[TCS_Update.division-by-zero.1] line 901 division by zero in ((spd[(signed long int)i] - avg) * 100.0f) / avg: SUCCESS
[TCS_Update.overflow.9] line 901 arithmetic overflow on floating-point subtraction in spd[(signed long int)i] - avg: SUCCESS
[TCS_Update.overflow.10] line 901 arithmetic overflow on floating-point multiplication in (spd[(signed long int)i] - avg) * 100.0f: SUCCESS
[TCS_Update.overflow.11] line 901 arithmetic overflow on floating-point division in ((spd[(signed long int)i] - avg) * 100.0f) / avg: SUCCESS
[TCS_Update.array_bounds.4] line 905 array 'tcs_reduction' upper bound in tcs_reduction[(signed long int)i]: SUCCESS
[TCS_Update.array_bounds.5] line 912 array 'tcs_reduction' upper bound in tcs_reduction[(signed long int)i]: SUCCESS
[TCS_Update.overflow.12] line 912 arithmetic overflow on floating-point addition in tcs_reduction[(signed long int)i] + 0.05f: SUCCESS
[TCS_Update.array_bounds.6] line 915 array 'tcs_reduction' upper bound in tcs_reduction[(signed long int)i]: SUCCESS
[TCS_Update.array_bounds.7] line 920 array 'tcs_reduction' upper bound in tcs_reduction[(signed long int)i]: SUCCESS
[TCS_Update.NaN.6] line 921 NaN on - in tcs_reduction[(signed long int)i] - 0.25f * dt: SUCCESS
[TCS_Update.overflow.13] line 921 arithmetic overflow on floating-point multiplication in 0.25f * dt: SUCCESS
[TCS_Update.overflow.14] line 921 arithmetic overflow on floating-point subtraction in tcs_reduction[(signed long int)i] - 0.25f * dt: SUCCESS
[TCS_Update.array_bounds.8] line 930 array 'tcs_reduction' upper bound in tcs_reduction[(signed long int)i]: SUCCESS
[TCS_Update.overflow.15] line 930 arithmetic overflow on floating-point subtraction in 1.0f - tcs_reduction[(signed long int)i]: SUCCESS
[TCS_Update.array_bounds.9] line 931 array 'safety_status'.wheel_scale upper bound in safety_status.wheel_scale[(signed long int)i]: SUCCESS
[TCS_Update.overflow.17] line 942 arithmetic overflow on floating-point multiplication in return_value_Pedal_GetPercent * (1.0f - 0.8f): SUCCESS

Core/Src/safety_system.c function sat_inc_u32
[sat_inc_u32.overflow.1] line 31 arithmetic overflow on unsigned + in *counter + 1u: SUCCESS
[sat_inc_u32.pointer_dereference.1] line 31 dereference failure: pointer NULL in *counter: SUCCESS
[sat_inc_u32.pointer_dereference.2] line 31 dereference failure: pointer invalid in *counter: SUCCESS
[sat_inc_u32.pointer_dereference.3] line 31 dereference failure: deallocated dynamic object in *counter: SUCCESS
[sat_inc_u32.pointer_dereference.4] line 31 dereference failure: dead object in *counter: SUCCESS
[sat_inc_u32.pointer_dereference.5] line 31 dereference failure: pointer outside object bounds in *counter: SUCCESS
[sat_inc_u32.pointer_dereference.6] line 31 dereference failure: invalid integer address in *counter: SUCCESS

analysis_artifacts/stubs/stm32g4xx_hal.h function HAL_GetTick
[HAL_GetTick.overflow.1] line 1220 arithmetic overflow on unsigned + in tick + 1u: SUCCESS

** 0 of 216 failed (1 iterations)
VERIFICATION SUCCESSFUL
