CBMC version 5.95.1 (cbmc-5.95.1) 64-bit x86_64 linux
Parsing Core/Src/sensor_manager.c
Converting
Type-checking sensor_manager
Generating GOTO Program
Adding CPROVER library (x86_64)
Removal of function pointers and virtual functions
Generic Property Instrumentation
Running with 10 object bits, 54 offset bits (user-specified)
Starting Bounded Model Checking
Unwinding loop Sensor_Init.0 iteration 1 file Core/Src/sensor_manager.c line 797 function Sensor_Init thread 0
Unwinding loop Sensor_Init.0 iteration 2 file Core/Src/sensor_manager.c line 797 function Sensor_Init thread 0
Unwinding loop Sensor_Init.0 iteration 3 file Core/Src/sensor_manager.c line 797 function Sensor_Init thread 0
Unwinding loop Sensor_Init.0 iteration 4 file Core/Src/sensor_manager.c line 797 function Sensor_Init thread 0
Unwinding loop Sensor_Init.1 iteration 1 file Core/Src/sensor_manager.c line 816 function Sensor_Init thread 0
Unwinding loop Sensor_Init.1 iteration 2 file Core/Src/sensor_manager.c line 816 function Sensor_Init thread 0
Unwinding loop Sensor_Init.1 iteration 3 file Core/Src/sensor_manager.c line 816 function Sensor_Init thread 0
Unwinding loop Sensor_Init.1 iteration 4 file Core/Src/sensor_manager.c line 816 function Sensor_Init thread 0
Unwinding loop Sensor_Init.1 iteration 5 file Core/Src/sensor_manager.c line 816 function Sensor_Init thread 0
Unwinding loop Sensor_Init.1 iteration 6 file Core/Src/sensor_manager.c line 816 function Sensor_Init thread 0
Unwinding loop Sensor_Init.2 iteration 1 file Core/Src/sensor_manager.c line 824 function Sensor_Init thread 0
Unwinding loop Sensor_Init.2 iteration 2 file Core/Src/sensor_manager.c line 824 function Sensor_Init thread 0
Unwinding loop Sensor_Init.2 iteration 3 file Core/Src/sensor_manager.c line 824 function Sensor_Init thread 0
Unwinding loop Sensor_Init.2 iteration 4 file Core/Src/sensor_manager.c line 824 function Sensor_Init thread 0
Unwinding loop Sensor_Init.2 iteration 5 file Core/Src/sensor_manager.c line 824 function Sensor_Init thread 0
Unwinding loop OW_DelayUs.0 iteration 1 file Core/Src/sensor_manager.c line 495 function OW_DelayUs thread 0
Unwinding loop OW_DelayUs.0 iteration 2 file Core/Src/sensor_manager.c line 495 function OW_DelayUs thread 0
Unwinding loop OW_DelayUs.0 iteration 3 file Core/Src/sensor_manager.c line 495 function OW_DelayUs thread 0
Unwinding loop OW_DelayUs.0 iteration 4 file Core/Src/sensor_manager.c line 495 function OW_DelayUs thread 0
Unwinding loop OW_DelayUs.0 iteration 5 file Core/Src/sensor_manager.c line 495 function OW_DelayUs thread 0
Unwinding loop OW_DelayUs.0 iteration 6 file Core/Src/sensor_manager.c line 495 function OW_DelayUs thread 0
Unwinding loop OW_DelayUs.0 iteration 7 file Core/Src/sensor_manager.c line 495 function OW_DelayUs thread 0
Unwinding loop OW_DelayUs.0 iteration 8 file Core/Src/sensor_manager.c line 495 function OW_DelayUs thread 0
Unwinding loop OW_DelayUs.0 iteration 9 file Core/Src/sensor_manager.c line 495 function OW_DelayUs thread 0
Not unwinding loop OW_DelayUs.0 iteration 10 file Core/Src/sensor_manager.c line 495 function OW_DelayUs thread 0
Runtime Symex: 0.00788254s
size of program expression: 695 steps
simple slicing removed 7 assignments
Generated 72 VCC(s), 1 remaining after simplification
Runtime Postprocess Equation: 3.8391e-05s
Passing problem to propositional reduction
converting SSA
Runtime Convert SSA: 0.00117314s
Running propositional reduction
Post-processing
Runtime Post-process: 2.294e-06s
Solving with MiniSAT 2.2.1 with simplifier
2925 variables, 260 clauses
SAT checker: instance is SATISFIABLE
Runtime Solver: 0.000232614s
Runtime decision procedure: 0.00145954s

** Results:
Core/Src/sensor_manager.c function Current_GetAmps
[Current_GetAmps.array_bounds.1] line 444 array 'current_amps' upper bound in current_amps[(signed long int)index]: SUCCESS

Core/Src/sensor_manager.c function Current_ReadAll
[Current_ReadAll.overflow.6] line 402 arithmetic overflow on unsigned + in i + 1: SUCCESS
[Current_ReadAll.array_bounds.1] line 404 array 'current_amps' upper bound in current_amps[(signed long int)i]: SUCCESS
[Current_ReadAll.array_bounds.2] line 405 array 'voltage_bus' upper bound in voltage_bus[(signed long int)i]: SUCCESS
[Current_ReadAll.overflow.1] line 414 arithmetic overflow on floating-point multiplication in (float)shunt_raw * 2.5f: SUCCESS
[Current_ReadAll.NaN.1] line 418 NaN on / in shunt_uv / shunt_mohm: SUCCESS
[Current_ReadAll.array_bounds.3] line 418 array 'current_amps' upper bound in current_amps[(signed long int)i]: SUCCESS
[Current_ReadAll.division-by-zero.1] line 418 division by zero in shunt_uv / shunt_mohm: SUCCESS
[Current_ReadAll.overflow.2] line 418 arithmetic overflow on floating-point division in shunt_uv / shunt_mohm: SUCCESS
[Current_ReadAll.overflow.3] line 419 arithmetic overflow on floating-point division in current_amps[(signed long int)i] / 1000.0f: SUCCESS
[Current_ReadAll.array_bounds.4] line 423 array 'voltage_bus' upper bound in voltage_bus[(signed long int)i]: SUCCESS
[Current_ReadAll.overflow.4] line 423 arithmetic overflow on floating-point multiplication in (float)bus_raw * 1.25f: SUCCESS
[Current_ReadAll.overflow.5] line 423 arithmetic overflow on floating-point division in ((float)bus_raw * 1.25f) / 1000.0f: SUCCESS
[Current_ReadAll.overflow.7] line 430 arithmetic overflow on unsigned + in i2c_recovery_attempts + 1: SUCCESS

Core/Src/sensor_manager.c function I2C_BusRecovery
[I2C_BusRecovery.overflow.3] line 327 arithmetic overflow on unsigned + in i + 1: SUCCESS
[I2C_BusRecovery.overflow.1] line 330 arithmetic overflow on unsigned + in d + 1u: SUCCESS
[I2C_BusRecovery.overflow.2] line 334 arithmetic overflow on unsigned + in d + 1u: SUCCESS
[I2C_BusRecovery.overflow.4] line 349 arithmetic overflow on unsigned + in d + 1u: SUCCESS
[I2C_BusRecovery.overflow.5] line 351 arithmetic overflow on unsigned + in d + 1u: SUCCESS
[I2C_BusRecovery.overflow.6] line 353 arithmetic overflow on unsigned + in d + 1u: SUCCESS

Core/Src/sensor_manager.c function INA226_ReadReg
[INA226_ReadReg.overflow.1] line 391 arithmetic overflow on unsigned + in i2c_fail_count + 1: SUCCESS
[INA226_ReadReg.overflow.2] line 394 arithmetic overflow on signed shl in (signed int)buf[(signed long int)0] << 8: SUCCESS

Core/Src/sensor_manager.c function OW_CRC8
[OW_CRC8.overflow.2] line 571 arithmetic overflow on unsigned + in i + 1: SUCCESS
[OW_CRC8.pointer_dereference.1] line 572 dereference failure: pointer NULL in data[(signed long int)i]: SUCCESS
[OW_CRC8.pointer_dereference.2] line 572 dereference failure: pointer invalid in data[(signed long int)i]: SUCCESS
[OW_CRC8.pointer_dereference.3] line 572 dereference failure: deallocated dynamic object in data[(signed long int)i]: SUCCESS
[OW_CRC8.pointer_dereference.4] line 572 dereference failure: dead object in data[(signed long int)i]: SUCCESS
[OW_CRC8.pointer_dereference.5] line 572 dereference failure: pointer outside object bounds in data[(signed long int)i]: SUCCESS
[OW_CRC8.pointer_dereference.6] line 572 dereference failure: invalid integer address in data[(signed long int)i]: SUCCESS
[OW_CRC8.overflow.1] line 573 arithmetic overflow on unsigned + in j + 1: SUCCESS

Core/Src/sensor_manager.c function OW_DelayUs
[OW_DelayUs.overflow.1] line 494 arithmetic overflow on unsigned * in (uint32_t)us * (unsigned int)42: SUCCESS
[OW_DelayUs.overflow.2] line 495 arithmetic overflow on unsigned - in loops - 1u: SUCCESS
[OW_DelayUs.unwind.0] line 495 unwinding assertion loop 0: FAILURE

Core/Src/sensor_manager.c function OW_ReadByte
[OW_ReadByte.overflow.1] line 548 arithmetic overflow on unsigned + in i + 1: SUCCESS

Core/Src/sensor_manager.c function OW_ReadTemperature
[OW_ReadTemperature.overflow.1] line 696 arithmetic overflow on unsigned + in i + 1: SUCCESS
[OW_ReadTemperature.array_bounds.1] line 697 array 'ds18b20_rom' upper bound in ds18b20_rom[(signed long int)idx]: SUCCESS
[OW_ReadTemperature.array_bounds.2] line 697 array 'ds18b20_rom'[] upper bound in ds18b20_rom[(signed long int)idx][(signed long int)i]: SUCCESS
[OW_ReadTemperature.overflow.2] line 702 arithmetic overflow on unsigned + in i + 1: SUCCESS
[OW_ReadTemperature.array_bounds.3] line 703 array 'scratch' upper bound in scratch[(signed long int)i]: SUCCESS
[OW_ReadTemperature.overflow.3] line 712 arithmetic overflow on signed shl in (signed int)scratch[(signed long int)1] << 8: SUCCESS
[OW_ReadTemperature.overflow.4] line 713 arithmetic overflow on floating-point division in (float)raw / 16.0f: SUCCESS

Core/Src/sensor_manager.c function OW_SearchAll
[OW_SearchAll.overflow.1] line 668 arithmetic overflow on unsigned + in j + 1: SUCCESS
[OW_SearchAll.array_bounds.1] line 669 array 'ds18b20_rom' upper bound in ds18b20_rom[(signed long int)ds18b20_count]: SUCCESS
[OW_SearchAll.array_bounds.2] line 669 array 'ds18b20_rom'[] upper bound in ds18b20_rom[(signed long int)ds18b20_count][(signed long int)j]: SUCCESS
[OW_SearchAll.array_bounds.3] line 669 array 'rom' upper bound in rom[(signed long int)j]: SUCCESS
[OW_SearchAll.overflow.2] line 671 arithmetic overflow on unsigned + in ds18b20_count + 1: SUCCESS
[OW_SearchAll.overflow.3] line 679 arithmetic overflow on unsigned + in i + 1: SUCCESS
[OW_SearchAll.array_bounds.4] line 680 array 'temperatures' upper bound in temperatures[(signed long int)i]: SUCCESS

Core/Src/sensor_manager.c function OW_SearchROM_Next
[OW_SearchROM_Next.overflow.3] line 599 arithmetic overflow on signed + in bit_idx + 1: SUCCESS
[OW_SearchROM_Next.overflow.1] line 620 arithmetic overflow on signed - in bit_idx - 1: SUCCESS
[OW_SearchROM_Next.pointer_dereference.1] line 622 dereference failure: pointer NULL in rom[(signed long int)byte_idx]: SUCCESS
[OW_SearchROM_Next.pointer_dereference.2] line 622 dereference failure: pointer invalid in rom[(signed long int)byte_idx]: SUCCESS
[OW_SearchROM_Next.pointer_dereference.3] line 622 dereference failure: deallocated dynamic object in rom[(signed long int)byte_idx]: SUCCESS
[OW_SearchROM_Next.pointer_dereference.4] line 622 dereference failure: dead object in rom[(signed long int)byte_idx]: SUCCESS
[OW_SearchROM_Next.pointer_dereference.5] line 622 dereference failure: pointer outside object bounds in rom[(signed long int)byte_idx]: SUCCESS
[OW_SearchROM_Next.pointer_dereference.6] line 622 dereference failure: invalid integer address in rom[(signed long int)byte_idx]: SUCCESS
[OW_SearchROM_Next.overflow.2] line 634 arithmetic overflow on signed - in bit_idx - 1: SUCCESS
[OW_SearchROM_Next.pointer_dereference.7] line 637 dereference failure: pointer NULL in rom[(signed long int)byte_idx]: SUCCESS
[OW_SearchROM_Next.pointer_dereference.8] line 637 dereference failure: pointer invalid in rom[(signed long int)byte_idx]: SUCCESS
[OW_SearchROM_Next.pointer_dereference.9] line 637 dereference failure: deallocated dynamic object in rom[(signed long int)byte_idx]: SUCCESS
[OW_SearchROM_Next.pointer_dereference.10] line 637 dereference failure: dead object in rom[(signed long int)byte_idx]: SUCCESS
[OW_SearchROM_Next.pointer_dereference.11] line 637 dereference failure: pointer outside object bounds in rom[(signed long int)byte_idx]: SUCCESS
[OW_SearchROM_Next.pointer_dereference.12] line 637 dereference failure: invalid integer address in rom[(signed long int)byte_idx]: SUCCESS
[OW_SearchROM_Next.pointer_dereference.13] line 639 dereference failure: pointer NULL in rom[(signed long int)byte_idx]: SUCCESS
[OW_SearchROM_Next.pointer_dereference.14] line 639 dereference failure: pointer invalid in rom[(signed long int)byte_idx]: SUCCESS
[OW_SearchROM_Next.pointer_dereference.15] line 639 dereference failure: deallocated dynamic object in rom[(signed long int)byte_idx]: SUCCESS
[OW_SearchROM_Next.pointer_dereference.16] line 639 dereference failure: dead object in rom[(signed long int)byte_idx]: SUCCESS
[OW_SearchROM_Next.pointer_dereference.17] line 639 dereference failure: pointer outside object bounds in rom[(signed long int)byte_idx]: SUCCESS
[OW_SearchROM_Next.pointer_dereference.18] line 639 dereference failure: invalid integer address in rom[(signed long int)byte_idx]: SUCCESS

Core/Src/sensor_manager.c function OW_WriteByte
[OW_WriteByte.overflow.1] line 539 arithmetic overflow on unsigned + in i + 1: SUCCESS

Core/Src/sensor_manager.c function Pedal_RawToPercent
[Pedal_RawToPercent.overflow.1] line 212 arithmetic overflow on unsigned - in (unsigned int)raw - 150u: SUCCESS
[Pedal_RawToPercent.overflow.2] line 212 arithmetic overflow on floating-point multiplication in (float)((unsigned int)raw - 150u) * 100.0f: SUCCESS
[Pedal_RawToPercent.overflow.3] line 213 arithmetic overflow on floating-point division in ((float)((unsigned int)raw - 150u) * 100.0f) / (float)(2413u - 150u): SUCCESS

Core/Src/sensor_manager.c function Pedal_Update
[Pedal_Update.overflow.1] line 224 arithmetic overflow on signed - in (signed int)pedal_raw_adc - (signed int)pedal_raw_adc2: SUCCESS
[Pedal_Update.overflow.2] line 226 arithmetic overflow on signed - in (signed int)pedal_raw_adc2 - (signed int)pedal_raw_adc: SUCCESS
[Pedal_Update.overflow.3] line 237 arithmetic overflow on unsigned + in (uint32_t)pedal_raw_adc + (unsigned int)pedal_raw_adc2: SUCCESS
[Pedal_Update.overflow.4] line 253 arithmetic overflow on floating-point multiplication in 0.3f * pedal_pct_raw: SUCCESS
[Pedal_Update.NaN.1] line 254 NaN on + in 0.3f * pedal_pct_raw + (1.0f - 0.3f) * pedal_ema: SUCCESS
[Pedal_Update.overflow.5] line 254 arithmetic overflow on floating-point multiplication in (1.0f - 0.3f) * pedal_ema: SUCCESS
[Pedal_Update.overflow.6] line 254 arithmetic overflow on floating-point addition in 0.3f * pedal_pct_raw + (1.0f - 0.3f) * pedal_ema: SUCCESS
[Pedal_Update.NaN.2] line 258 NaN on - in pedal_pct_raw - pedal_pct_prev: SUCCESS
[Pedal_Update.overflow.7] line 258 arithmetic overflow on floating-point subtraction in pedal_pct_raw - pedal_pct_prev: SUCCESS

Core/Src/sensor_manager.c function Sensor_Init
[Sensor_Init.overflow.1] line 797 arithmetic overflow on unsigned + in i + 1: SUCCESS
[Sensor_Init.array_bounds.1] line 798 array 'wheel_pulse' upper bound in wheel_pulse[(signed long int)i]: SUCCESS
[Sensor_Init.array_bounds.2] line 799 array 'wheel_pulse_prev' upper bound in wheel_pulse_prev[(signed long int)i]: SUCCESS
[Sensor_Init.array_bounds.3] line 800 array 'wheel_last_tick' upper bound in wheel_last_tick[(signed long int)i]: SUCCESS
[Sensor_Init.array_bounds.4] line 801 array 'wheel_speed_kmh' upper bound in wheel_speed_kmh[(signed long int)i]: SUCCESS
[Sensor_Init.array_bounds.5] line 802 array 'wheel_rpm' upper bound in wheel_rpm[(signed long int)i]: SUCCESS
[Sensor_Init.array_bounds.6] line 803 array 'wheel_last_pulse_tick' upper bound in wheel_last_pulse_tick[(signed long int)i]: SUCCESS
[Sensor_Init.overflow.2] line 816 arithmetic overflow on unsigned + in i + 1: SUCCESS
[Sensor_Init.array_bounds.7] line 817 array 'current_amps' upper bound in current_amps[(signed long int)i]: SUCCESS
[Sensor_Init.array_bounds.8] line 818 array 'voltage_bus' upper bound in voltage_bus[(signed long int)i]: SUCCESS
[Sensor_Init.overflow.3] line 824 arithmetic overflow on unsigned + in i + 1: SUCCESS
[Sensor_Init.array_bounds.9] line 825 array 'temperatures' upper bound in temperatures[(signed long int)i]: SUCCESS

Core/Src/sensor_manager.c function TCA9548A_SelectChannel
[TCA9548A_SelectChannel.overflow.1] line 376 arithmetic overflow on unsigned + in i2c_fail_count + 1: SUCCESS

Core/Src/sensor_manager.c function Temperature_Get
[Temperature_Get.array_bounds.1] line 767 array 'temperatures' upper bound in temperatures[(signed long int)index]: SUCCESS

Core/Src/sensor_manager.c function Temperature_PeriodicRescan
[Temperature_PeriodicRescan.overflow.1] line 785 arithmetic overflow on unsigned - in now - ow_rescan_tick: SUCCESS

Core/Src/sensor_manager.c function Temperature_ReadAll
[Temperature_ReadAll.overflow.1] line 743 arithmetic overflow on signed shl in (signed int)msb << 8: SUCCESS
[Temperature_ReadAll.overflow.2] line 744 arithmetic overflow on floating-point division in (float)raw / 16.0f: SUCCESS
[Temperature_ReadAll.overflow.3] line 759 arithmetic overflow on unsigned + in i + 1: SUCCESS
[Temperature_ReadAll.array_bounds.1] line 760 array 'temperatures' upper bound in temperatures[(signed long int)i]: SUCCESS

Core/Src/sensor_manager.c function Voltage_GetBus
[Voltage_GetBus.array_bounds.1] line 449 array 'voltage_bus' upper bound in voltage_bus[(signed long int)index]: SUCCESS

Core/Src/sensor_manager.c function Wheel_ComputeSpeed
[Wheel_ComputeSpeed.array_bounds.1] line 85 array 'wheel_last_tick' upper bound in wheel_last_tick[(signed long int)idx]: SUCCESS
[Wheel_ComputeSpeed.overflow.1] line 85 arithmetic overflow on unsigned - in now - wheel_last_tick[(signed long int)idx]: SUCCESS
[Wheel_ComputeSpeed.array_bounds.2] line 88 array 'wheel_pulse' upper bound in wheel_pulse[(signed long int)idx]: SUCCESS
[Wheel_ComputeSpeed.array_bounds.3] line 89 array 'wheel_pulse_prev' upper bound in wheel_pulse_prev[(signed long int)idx]: SUCCESS
[Wheel_ComputeSpeed.overflow.2] line 89 arithmetic overflow on unsigned - in pulses - wheel_pulse_prev[(signed long int)idx]: SUCCESS
[Wheel_ComputeSpeed.overflow.3] line 91 arithmetic overflow on floating-point division in (float)delta / (float)6: SUCCESS
[Wheel_ComputeSpeed.NaN.1] line 92 NaN on * in revolutions * (1100.0f / 1000.0f): SUCCESS
[Wheel_ComputeSpeed.overflow.4] line 92 arithmetic overflow on floating-point division in 1100.0f / 1000.0f: SUCCESS
[Wheel_ComputeSpeed.overflow.5] line 92 arithmetic overflow on floating-point multiplication in revolutions * (1100.0f / 1000.0f): SUCCESS
[Wheel_ComputeSpeed.NaN.2] line 93 NaN on / in (dist_m * 1000.0f) / (float)dt: SUCCESS
[Wheel_ComputeSpeed.division-by-zero.1] line 93 division by zero in (dist_m * 1000.0f) / (float)dt: SUCCESS
[Wheel_ComputeSpeed.overflow.6] line 93 arithmetic overflow on floating-point multiplication in dist_m * 1000.0f: SUCCESS
[Wheel_ComputeSpeed.overflow.7] line 93 arithmetic overflow on floating-point division in (dist_m * 1000.0f) / (float)dt: SUCCESS
[Wheel_ComputeSpeed.array_bounds.4] line 95 array 'wheel_speed_kmh' upper bound in wheel_speed_kmh[(signed long int)idx]: SUCCESS
[Wheel_ComputeSpeed.overflow.8] line 95 arithmetic overflow on floating-point multiplication in speed_ms * 3.6f: SUCCESS
[Wheel_ComputeSpeed.NaN.3] line 96 NaN on / in (revolutions * 60000.0f) / (float)dt: SUCCESS
[Wheel_ComputeSpeed.array_bounds.5] line 96 array 'wheel_rpm' upper bound in wheel_rpm[(signed long int)idx]: SUCCESS
[Wheel_ComputeSpeed.division-by-zero.2] line 96 division by zero in (revolutions * 60000.0f) / (float)dt: SUCCESS
[Wheel_ComputeSpeed.overflow.9] line 96 arithmetic overflow on floating-point multiplication in revolutions * 60000.0f: SUCCESS
[Wheel_ComputeSpeed.overflow.10] line 96 arithmetic overflow on floating-point division in (revolutions * 60000.0f) / (float)dt: SUCCESS
[Wheel_ComputeSpeed.array_bounds.6] line 99 array 'wheel_last_tick' upper bound in wheel_last_tick[(signed long int)idx]: SUCCESS

Core/Src/sensor_manager.c function Wheel_IRQDebounced
[Wheel_IRQDebounced.array_bounds.1] line 48 array 'wheel_last_pulse_tick' upper bound in wheel_last_pulse_tick[(signed long int)idx]: SUCCESS
[Wheel_IRQDebounced.overflow.1] line 48 arithmetic overflow on unsigned - in now - wheel_last_pulse_tick[(signed long int)idx]: SUCCESS
[Wheel_IRQDebounced.array_bounds.2] line 49 array 'wheel_pulse' upper bound in wheel_pulse[(signed long int)idx]: SUCCESS
[Wheel_IRQDebounced.overflow.2] line 49 arithmetic overflow on unsigned + in wheel_pulse[(signed long int)idx] + 1u: SUCCESS

analysis_artifacts/stubs/stm32g4xx_hal.h function HAL_GetTick
[HAL_GetTick.overflow.1] line 1220 arithmetic overflow on unsigned + in tick + 1u: SUCCESS

** 1 of 128 failed (2 iterations)
VERIFICATION FAILED
