CBMC version 5.95.1 (cbmc-5.95.1) 64-bit x86_64 linux
Parsing Core/Src/steering_centering.c
Converting
Type-checking steering_centering
Generating GOTO Program
Adding CPROVER library (x86_64)
Removal of function pointers and virtual functions
Generic Property Instrumentation
Running with 10 object bits, 54 offset bits (user-specified)
Starting Bounded Model Checking
**** WARNING: no body for function Encoder_HasFault
**** WARNING: no body for function Steering_Neutralize
**** WARNING: no body for function Safety_SetError
**** WARNING: no body for function Safety_SetState
**** WARNING: no body for function Safety_SetDegradedLevel
**** WARNING: no body for function SteeringCenter_ClearFlag
**** WARNING: no body for function Motor_SetPWM_Steering
Runtime Symex: 0.00167279s
size of program expression: 121 steps
simple slicing removed 22 assignments
Generated 7 VCC(s), 6 remaining after simplification
Runtime Postprocess Equation: 1.1351e-05s
Passing problem to propositional reduction
converting SSA
Runtime Convert SSA: 0.000581925s
Running propositional reduction
Post-processing
Runtime Post-process: 2.765e-06s
Solving with MiniSAT 2.2.1 with simplifier
946 variables, 1449 clauses
SAT checker: instance is SATISFIABLE
Runtime Solver: 0.00127645s
Runtime decision procedure: 0.00189703s
Running propositional reduction
Solving with MiniSAT 2.2.1 with simplifier
946 variables, 15 clauses
SAT checker: instance is SATISFIABLE
Runtime Solver: 1.7582e-05s
Runtime decision procedure: 2.7181e-05s

** Results:
Core/Src/steering_centering.c function Centering_Complete
[Centering_Complete.pointer_dereference.1] line 106 dereference failure: pointer NULL in (&htim2)->Instance->CNT: SUCCESS
[Centering_Complete.pointer_dereference.2] line 106 dereference failure: pointer invalid in (&htim2)->Instance->CNT: SUCCESS
[Centering_Complete.pointer_dereference.3] line 106 dereference failure: deallocated dynamic object in (&htim2)->Instance->CNT: SUCCESS
[Centering_Complete.pointer_dereference.4] line 106 dereference failure: dead object in (&htim2)->Instance->CNT: SUCCESS
[Centering_Complete.pointer_dereference.5] line 106 dereference failure: pointer outside object bounds in (&htim2)->Instance->CNT: SUCCESS
[Centering_Complete.pointer_dereference.6] line 106 dereference failure: invalid integer address in (&htim2)->Instance->CNT: SUCCESS
[Centering_Complete.pointer_dereference.7] line 116 dereference failure: pointer NULL in (&htim2)->Instance->CNT: SUCCESS
[Centering_Complete.pointer_dereference.8] line 116 dereference failure: pointer invalid in (&htim2)->Instance->CNT: SUCCESS
[Centering_Complete.pointer_dereference.9] line 116 dereference failure: deallocated dynamic object in (&htim2)->Instance->CNT: SUCCESS
[Centering_Complete.pointer_dereference.10] line 116 dereference failure: dead object in (&htim2)->Instance->CNT: SUCCESS
[Centering_Complete.pointer_dereference.11] line 116 dereference failure: pointer outside object bounds in (&htim2)->Instance->CNT: SUCCESS
[Centering_Complete.pointer_dereference.12] line 116 dereference failure: invalid integer address in (&htim2)->Instance->CNT: SUCCESS

Core/Src/steering_centering.c function Centering_IsStalled
[Centering_IsStalled.pointer_dereference.1] line 127 dereference failure: pointer NULL in (&htim2)->Instance->CNT: SUCCESS
[Centering_IsStalled.pointer_dereference.2] line 127 dereference failure: pointer invalid in (&htim2)->Instance->CNT: SUCCESS
[Centering_IsStalled.pointer_dereference.3] line 127 dereference failure: deallocated dynamic object in (&htim2)->Instance->CNT: SUCCESS
[Centering_IsStalled.pointer_dereference.4] line 127 dereference failure: dead object in (&htim2)->Instance->CNT: SUCCESS
[Centering_IsStalled.pointer_dereference.5] line 127 dereference failure: pointer outside object bounds in (&htim2)->Instance->CNT: SUCCESS
[Centering_IsStalled.pointer_dereference.6] line 127 dereference failure: invalid integer address in (&htim2)->Instance->CNT: SUCCESS
[Centering_IsStalled.overflow.1] line 136 arithmetic overflow on unsigned - in now - stall_last_change_tick: SUCCESS

Core/Src/steering_centering.c function Centering_RangeExceeded
[Centering_RangeExceeded.pointer_dereference.1] line 145 dereference failure: pointer NULL in (&htim2)->Instance->CNT: SUCCESS
[Centering_RangeExceeded.pointer_dereference.2] line 145 dereference failure: pointer invalid in (&htim2)->Instance->CNT: SUCCESS
[Centering_RangeExceeded.pointer_dereference.3] line 145 dereference failure: deallocated dynamic object in (&htim2)->Instance->CNT: SUCCESS
[Centering_RangeExceeded.pointer_dereference.4] line 145 dereference failure: dead object in (&htim2)->Instance->CNT: SUCCESS
[Centering_RangeExceeded.pointer_dereference.5] line 145 dereference failure: pointer outside object bounds in (&htim2)->Instance->CNT: SUCCESS
[Centering_RangeExceeded.pointer_dereference.6] line 145 dereference failure: invalid integer address in (&htim2)->Instance->CNT: SUCCESS
[Centering_RangeExceeded.overflow.1] line 146 arithmetic overflow on signed - in count - sweep_origin_count: SUCCESS
[Centering_RangeExceeded.overflow.2] line 147 arithmetic overflow on signed unary minus in -delta: SUCCESS

Core/Src/steering_centering.c function SteeringCentering_MarkRestoredFromFlash
[SteeringCentering_MarkRestoredFromFlash.pointer_dereference.1] line 277 dereference failure: pointer NULL in (&htim2)->Instance->CNT: SUCCESS
[SteeringCentering_MarkRestoredFromFlash.pointer_dereference.2] line 277 dereference failure: pointer invalid in (&htim2)->Instance->CNT: SUCCESS
[SteeringCentering_MarkRestoredFromFlash.pointer_dereference.3] line 277 dereference failure: deallocated dynamic object in (&htim2)->Instance->CNT: SUCCESS
[SteeringCentering_MarkRestoredFromFlash.pointer_dereference.4] line 277 dereference failure: dead object in (&htim2)->Instance->CNT: SUCCESS
[SteeringCentering_MarkRestoredFromFlash.pointer_dereference.5] line 277 dereference failure: pointer outside object bounds in (&htim2)->Instance->CNT: SUCCESS
[SteeringCentering_MarkRestoredFromFlash.pointer_dereference.6] line 277 dereference failure: invalid integer address in (&htim2)->Instance->CNT: SUCCESS

Core/Src/steering_centering.c function SteeringCentering_Step
[SteeringCentering_Step.pointer_dereference.1] line 183 dereference failure: pointer NULL in (&htim2)->Instance->CNT: FAILURE
[SteeringCentering_Step.pointer_dereference.2] line 183 dereference failure: pointer invalid in (&htim2)->Instance->CNT: FAILURE
[SteeringCentering_Step.pointer_dereference.3] line 183 dereference failure: deallocated dynamic object in (&htim2)->Instance->CNT: FAILURE
[SteeringCentering_Step.pointer_dereference.4] line 183 dereference failure: dead object in (&htim2)->Instance->CNT: FAILURE
[SteeringCentering_Step.pointer_dereference.5] line 183 dereference failure: pointer outside object bounds in (&htim2)->Instance->CNT: FAILURE
[SteeringCentering_Step.pointer_dereference.6] line 183 dereference failure: invalid integer address in (&htim2)->Instance->CNT: FAILURE
[SteeringCentering_Step.overflow.1] line 201 arithmetic overflow on unsigned - in now - centering_start_tick: SUCCESS
[SteeringCentering_Step.pointer_dereference.7] line 214 dereference failure: pointer NULL in (&htim2)->Instance->CNT: SUCCESS
[SteeringCentering_Step.pointer_dereference.8] line 214 dereference failure: pointer invalid in (&htim2)->Instance->CNT: SUCCESS
[SteeringCentering_Step.pointer_dereference.9] line 214 dereference failure: deallocated dynamic object in (&htim2)->Instance->CNT: SUCCESS
[SteeringCentering_Step.pointer_dereference.10] line 214 dereference failure: dead object in (&htim2)->Instance->CNT: SUCCESS
[SteeringCentering_Step.pointer_dereference.11] line 214 dereference failure: pointer outside object bounds in (&htim2)->Instance->CNT: SUCCESS
[SteeringCentering_Step.pointer_dereference.12] line 214 dereference failure: invalid integer address in (&htim2)->Instance->CNT: SUCCESS
[SteeringCentering_Step.overflow.2] line 231 arithmetic overflow on unsigned - in now - centering_start_tick: SUCCESS

analysis_artifacts/stubs/stm32g4xx_hal.h function HAL_GetTick
[HAL_GetTick.overflow.1] line 1220 arithmetic overflow on unsigned + in tick + 1u: SUCCESS

** 6 of 48 failed (3 iterations)
VERIFICATION FAILED
